MPLINK 3.90, Linker
Linker Map File - Created Thu Feb 15 22:34:40 2007

                                 Section Info
                  Section       Type    Address   Location Size(Bytes)
                ---------  ---------  ---------  ---------  ---------
               _entry_scn       code   0x000800    program   0x000006
.idata_user_routines_fast.o_i    romdata   0x000806    program   0x000002
      InterruptVectorHigh       code   0x000808    program   0x000006
          .code_adcbusy.o       code   0x00080e    program   0x00000a
       InterruptVectorLow       code   0x000818    program   0x000006
                   .cinit    romdata   0x00081e    program   0x000086
    .code_user_routines.o       code   0x0008a4    program   0x0015c4
.code_user_routines_fast.o       code   0x001e68    program   0x001304
    .code_tracking_menu.o       code   0x00316c    program   0x000e3e
         .code_vfprintf.o       code   0x003faa    program   0x000c22
              .code_pow.o       code   0x004bcc    program   0x000b2e
      .code_camera_menu.o       code   0x0056fa    program   0x000afa
             .stringtable    romdata   0x0061f4    program   0x0009c4
           .code_camera.o       code   0x006bb8    program   0x000802
         .code_tracking.o       code   0x0073ba    program   0x000798
      .code_ifi_library.o       code   0x007b52    program   0x00071c
                     PROG       code   0x00826e    program   0x0006de
              .code_exp.o       code   0x00894c    program   0x0005c2
              .code_log.o       code   0x008f0e    program   0x0004f6
              .code_tan.o       code   0x009404    program   0x0004e0
                 UTIL_LIB       code   0x0098e4    program   0x000396
     .code_serial_ports.o       code   0x009c7a    program   0x0002d4
            .code_fchop.o       code   0x009f4e    program   0x00028e
         .code_terminal.o       code   0x00a1dc    program   0x00024c
 .romdata_user_routines.o    romdata   0x00a428    program   0x0001fe
    .code_ifi_utilities.o       code   0x00a626    program   0x0001de
              .code_pwm.o       code   0x00a804    program   0x0001ac
           .code_eeprom.o       code   0x00a9b0    program   0x0001a4
            .code_ldexp.o       code   0x00ab54    program   0x000134
            .code_frexp.o       code   0x00ac88    program   0x000120
         .code_UnpkMath.o       code   0x00ada8    program   0x00011c
         .code_PackMath.o       code   0x00aec4    program   0x00011a
               _cinit_scn       code   0x00afde    program   0x00009e
           .code_printf.o       code   0x00b07c    program   0x000094
             .code_putc.o       code   0x00b110    program   0x000084
          .code_fxm3232.o       code   0x00b194    program   0x000070
          .code_adcopen.o       code   0x00b204    program   0x000068
                   STRING       code   0x00b26c    program   0x000066
         .code_spi1open.o       code   0x00b2d2    program   0x000066
             .code_fabs.o       code   0x00b338    program   0x000066
           .code_u1open.o       code   0x00b39e    program   0x000064
         .code_fxd3232u.o       code   0x00b402    program   0x000048
          .code_adcread.o       code   0x00b44a    program   0x00003e
         .code_fxd1616u.o       code   0x00b488    program   0x00002c
             .code_main.o       code   0x00b4b4    program   0x000028
                    CTYPE       code   0x00b4dc    program   0x000024
             _startup_scn       code   0x00b500    program   0x000020
              D1KTCYXCODE       code   0x00b520    program   0x000020
                    STDIO       code   0x00b540    program   0x00001c
              D10TCYXCODE       code   0x00b55c    program   0x000016
      .romdata_vfprintf.o    romdata   0x00b572    program   0x000011
         .romdata_fchop.o    romdata   0x00b583    program   0x000000
           .romdata_exp.o    romdata   0x00b583    program   0x000000
           .idata_exp.o_i    romdata   0x00b583    program   0x000000
      .romdata_UnpkMath.o    romdata   0x00b583    program   0x000000
         .romdata_errno.o    romdata   0x00b583    program   0x000000
       .romdata_fxm3232.o    romdata   0x00b583    program   0x000000
         .idata_errno.o_i    romdata   0x00b583    program   0x000000
      .idata_PackMath.o_i    romdata   0x00b583    program   0x000000
         .idata_fchop.o_i    romdata   0x00b583    program   0x000000
      .romdata_PackMath.o    romdata   0x00b583    program   0x000000
           .idata_tan.o_i    romdata   0x00b583    program   0x000000
           .romdata_tan.o    romdata   0x00b583    program   0x000000
        .romdata_stdout.o    romdata   0x00b583    program   0x000000
      .idata_vfprintf.o_i    romdata   0x00b583    program   0x000000
        .romdata_printf.o    romdata   0x00b583    program   0x000000
          .idata_putc.o_i    romdata   0x00b583    program   0x000000
        .idata_printf.o_i    romdata   0x00b583    program   0x000000
          .romdata_putc.o    romdata   0x00b583    program   0x000000
           .romdata_log.o    romdata   0x00b583    program   0x000000
      .idata_fxd3232u.o_i    romdata   0x00b583    program   0x000000
           .idata_log.o_i    romdata   0x00b583    program   0x000000
      .romdata_fxd3232u.o    romdata   0x00b583    program   0x000000
         .romdata_ldexp.o    romdata   0x00b583    program   0x000000
         .idata_ldexp.o_i    romdata   0x00b583    program   0x000000
         .romdata_frexp.o    romdata   0x00b583    program   0x000000
         .idata_frexp.o_i    romdata   0x00b583    program   0x000000
          .romdata_fabs.o    romdata   0x00b583    program   0x000000
       .idata_fxm3232.o_i    romdata   0x00b583    program   0x000000
          .idata_fabs.o_i    romdata   0x00b583    program   0x000000
      .romdata_adcclose.o    romdata   0x00b583    program   0x000000
      .idata_adcclose.o_i    romdata   0x00b583    program   0x000000
       .romdata_adcbusy.o    romdata   0x00b583    program   0x000000
       .idata_adcbusy.o_i    romdata   0x00b583    program   0x000000
           .romdata_pwm.o    romdata   0x00b583    program   0x000000
           .idata_pwm.o_i    romdata   0x00b583    program   0x000000
.romdata_user_routines_fast.o    romdata   0x00b583    program   0x000000
 .romdata_tracking_menu.o    romdata   0x00b583    program   0x000000
      .romdata_tracking.o    romdata   0x00b583    program   0x000000
      .romdata_terminal.o    romdata   0x00b583    program   0x000000
  .romdata_serial_ports.o    romdata   0x00b583    program   0x000000
          .romdata_main.o    romdata   0x00b583    program   0x000000
          .idata_main.o_i    romdata   0x00b583    program   0x000000
 .romdata_ifi_utilities.o    romdata   0x00b583    program   0x000000
   .romdata_ifi_startup.o    romdata   0x00b583    program   0x000000
   .idata_ifi_startup.o_i    romdata   0x00b583    program   0x000000
        .romdata_eeprom.o    romdata   0x00b583    program   0x000000
   .romdata_camera_menu.o    romdata   0x00b583    program   0x000000
        .romdata_camera.o    romdata   0x00b583    program   0x000000
       .idata_adcopen.o_i    romdata   0x00b583    program   0x000000
        .romdata_u1open.o    romdata   0x00b583    program   0x000000
       .romdata_adcopen.o    romdata   0x00b583    program   0x000000
        .idata_u1open.o_i    romdata   0x00b583    program   0x000000
      .idata_spi1open.o_i    romdata   0x00b583    program   0x000000
      .romdata_spi1open.o    romdata   0x00b583    program   0x000000
       .idata_adcread.o_i    romdata   0x00b583    program   0x000000
       .romdata_adcread.o    romdata   0x00b583    program   0x000000
   .romdata_ifi_library.o    romdata   0x00b583    program   0x000000
   .idata_ifi_library.o_i    romdata   0x00b583    program   0x000000
      .romdata_fxd1616u.o    romdata   0x00b583    program   0x000000
      .idata_fxd1616u.o_i    romdata   0x00b583    program   0x000000
           .idata_pow.o_i    romdata   0x00b583    program   0x000000
           .romdata_pow.o    romdata   0x00b583    program   0x000000
       .romdata_adcconv.o    romdata   0x00b583    program   0x000000
       .idata_adcconv.o_i    romdata   0x00b583    program   0x000000
      .idata_UnpkMath.o_i    romdata   0x00b583    program   0x000000
      .code_ifi_startup.o       code   0x00b584    program   0x000000
           .code_stdout.o       code   0x00b584    program   0x000000
            .code_errno.o       code   0x00b584    program   0x000000
         .code_adcclose.o       code   0x00b584    program   0x000006
          .code_adcconv.o       code   0x00b58a    program   0x000004
 .idata_user_routines.o_i    romdata   0x00b58e    program   0x00001f
 .idata_tracking_menu.o_i    romdata   0x00b5ad    program   0x000002
      .idata_tracking.o_i    romdata   0x00b5af    program   0x000006
      .idata_terminal.o_i    romdata   0x00b5b5    program   0x000004
        .idata_stdout.o_i    romdata   0x00b5b9    program   0x000002
  .idata_serial_ports.o_i    romdata   0x00b5bb    program   0x000019
 .idata_ifi_utilities.o_i    romdata   0x00b5d4    program   0x000004
        .idata_eeprom.o_i    romdata   0x00b5d8    program   0x000005
   .idata_camera_menu.o_i    romdata   0x00b5dd    program   0x000002
        .idata_camera.o_i    romdata   0x00b5df    program   0x00000a
                  .config       code   0x300000    program   0x00000e
                 .tmpdata      udata   0x000000       data   0x000024
                  SPI_VAR      udata   0x000024       data   0x000017
                MATH_DATA      udata   0x00003b       data   0x000014
                DELAYDAT1      udata   0x00004f       data   0x000001
                 COPY_VAR      udata   0x000080       data   0x000080
    .udata_serial_ports.o      udata   0x000100       data   0x000080
          .udata_eeprom.o      udata   0x000180       data   0x000060
   .udata_tracking_menu.o      udata   0x0001e0       data   0x000020
          .udata_camera.o      udata   0x000200       data   0x000047
            .udata_main.o      udata   0x000247       data   0x000041
     .udata_camera_menu.o      udata   0x000288       data   0x000020
   .idata_user_routines.o      idata   0x0002a8       data   0x00001f
    .idata_serial_ports.o      idata   0x0002c7       data   0x000019
        .udata_tracking.o      udata   0x0002e0       data   0x000017
   .udata_user_routines.o      udata   0x0002f7       data   0x000006
           .udata_errno.o      udata   0x0002fd       data   0x000002
         .idata_adcread.o      idata   0x0002ff       data   0x000000
            .idata_fabs.o      idata   0x0002ff       data   0x000000
            .udata_fabs.o      udata   0x0002ff       data   0x000000
             .idata_exp.o      idata   0x0002ff       data   0x000000
             .udata_exp.o      udata   0x0002ff       data   0x000000
             .udata_pow.o      udata   0x0002ff       data   0x000000
             .idata_pow.o      idata   0x0002ff       data   0x000000
           .idata_errno.o      idata   0x0002ff       data   0x000000
        .idata_PackMath.o      idata   0x0002ff       data   0x000000
        .udata_UnpkMath.o      udata   0x0002ff       data   0x000000
        .udata_PackMath.o      udata   0x0002ff       data   0x000000
           .idata_fchop.o      idata   0x0002ff       data   0x000000
           .udata_fchop.o      udata   0x0002ff       data   0x000000
        .idata_UnpkMath.o      idata   0x0002ff       data   0x000000
            .idata_putc.o      idata   0x0002ff       data   0x000000
            .udata_putc.o      udata   0x0002ff       data   0x000000
         .idata_fxm3232.o      idata   0x0002ff       data   0x000000
         .udata_fxm3232.o      udata   0x0002ff       data   0x000000
        .idata_fxd3232u.o      idata   0x0002ff       data   0x000000
        .udata_fxd3232u.o      udata   0x0002ff       data   0x000000
        .idata_vfprintf.o      idata   0x0002ff       data   0x000000
        .udata_vfprintf.o      udata   0x0002ff       data   0x000000
             .idata_tan.o      idata   0x0002ff       data   0x000000
             .udata_tan.o      udata   0x0002ff       data   0x000000
          .udata_stdout.o      udata   0x0002ff       data   0x000000
          .idata_printf.o      idata   0x0002ff       data   0x000000
          .udata_printf.o      udata   0x0002ff       data   0x000000
             .idata_log.o      idata   0x0002ff       data   0x000000
             .udata_log.o      udata   0x0002ff       data   0x000000
           .idata_ldexp.o      idata   0x0002ff       data   0x000000
           .udata_ldexp.o      udata   0x0002ff       data   0x000000
           .idata_frexp.o      idata   0x0002ff       data   0x000000
           .udata_frexp.o      udata   0x0002ff       data   0x000000
     .idata_ifi_startup.o      idata   0x0002ff       data   0x000000
            .idata_main.o      idata   0x0002ff       data   0x000000
        .udata_terminal.o      udata   0x0002ff       data   0x000000
.udata_user_routines_fast.o      udata   0x0002ff       data   0x000000
             .udata_pwm.o      udata   0x0002ff       data   0x000000
             .idata_pwm.o      idata   0x0002ff       data   0x000000
         .udata_adcbusy.o      udata   0x0002ff       data   0x000000
         .idata_adcbusy.o      idata   0x0002ff       data   0x000000
        .udata_adcclose.o      udata   0x0002ff       data   0x000000
        .idata_adcclose.o      idata   0x0002ff       data   0x000000
         .udata_adcconv.o      udata   0x0002ff       data   0x000000
         .idata_adcconv.o      idata   0x0002ff       data   0x000000
        .udata_fxd1616u.o      udata   0x0002ff       data   0x000000
        .idata_fxd1616u.o      idata   0x0002ff       data   0x000000
     .idata_ifi_library.o      idata   0x0002ff       data   0x000000
          .udata_u1open.o      udata   0x0002ff       data   0x000000
          .idata_u1open.o      idata   0x0002ff       data   0x000000
         .udata_adcopen.o      udata   0x0002ff       data   0x000000
         .idata_adcopen.o      idata   0x0002ff       data   0x000000
         .udata_adcread.o      udata   0x0002ff       data   0x000000
        .idata_spi1open.o      idata   0x0002ff       data   0x000000
        .udata_spi1open.o      udata   0x0002ff       data   0x000000
     .udata_ifi_library.o      udata   0x000300       data   0x00000d
     .udata_ifi_startup.o      udata   0x00030d       data   0x00000a
          .idata_camera.o      idata   0x000317       data   0x00000a
        .idata_tracking.o      idata   0x000321       data   0x000006
          .idata_eeprom.o      idata   0x000327       data   0x000005
   .udata_ifi_utilities.o      udata   0x00032c       data   0x000004
        .idata_terminal.o      idata   0x000330       data   0x000004
   .idata_ifi_utilities.o      idata   0x000334       data   0x000004
.idata_user_routines_fast.o      idata   0x000338       data   0x000002
   .idata_tracking_menu.o      idata   0x00033a       data   0x000002
          .idata_stdout.o      idata   0x00033c       data   0x000002
     .idata_camera_menu.o      idata   0x00033e       data   0x000002
                   .stack      udata   0x000e00       data   0x000100
            SFR_UNBANKED0      udata   0x000f62       data   0x00009e



                              Program Memory Usage 
                               Start         End      
                           ---------   ---------      
                            0x000800    0x00b582      
                            0x00b584    0x00b5e8      
                            0x300000    0x30000d      
            44534 out of 132120 program addresses used, program memory utilization is 33%



                              Symbols - Sorted by Name
                     Name    Address   Location    Storage File                     
                ---------  ---------  ---------  --------- ---------                
                  Adj_lp4   0x009c70    program     static C:\mcc18\Projects\EduCode\Util_lib.asm
                  Adjust4   0x009c6c    program     static C:\mcc18\Projects\EduCode\Util_lib.asm
                  BusyADC   0x00080e    program     extern C:\mcc18\src\TRADIT~1\pmc\ADC\adcbusy.c
           Camera_Handler   0x006bb8    program     extern C:\Feb_12th\Feb 12th\Awesome McAwesome\camera.c
              Camera_Idle   0x007250    program     extern C:\Feb_12th\Feb 12th\Awesome McAwesome\camera.c
              Camera_Menu   0x0056fa    program     extern C:\Feb_12th\Feb 12th\Awesome McAwesome\camera_menu.c
Camera_Serial_Port_Byte_Count   0x007362    program     extern C:\Feb_12th\Feb 12th\Awesome McAwesome\camera.c
     Camera_State_Machine   0x006c2a    program     extern C:\Feb_12th\Feb 12th\Awesome McAwesome\camera.c
       Check_4_Violations   0x007e94    program     extern C:\mcc18\Projects\EduCode\ifi_library.c
               Clear_Bank   0x0098fe    program     static C:\mcc18\Projects\EduCode\Util_lib.asm
               Clear_Loop   0x0098ea    program     static C:\mcc18\Projects\EduCode\Util_lib.asm
             Clear_Memory   0x0098e4    program     extern C:\mcc18\Projects\EduCode\Util_lib.asm
       Clear_SPIdata_flag   0x007e06    program     extern C:\mcc18\Projects\EduCode\ifi_library.c
                 CloseADC   0x00b584    program     extern C:\mcc18\src\TRADIT~1\pmc\ADC\adcclose.c
               ConvertADC   0x00b58a    program     extern C:\mcc18\src\TRADIT~1\pmc\ADC\adcconv.c
                    D10_1   0x00b56c    program     static C:\MCC18\SRC\TRADIT~1\DELAYS\d10tcyx.asm
                     D10x   0x00b564    program     static C:\MCC18\SRC\TRADIT~1\DELAYS\d10tcyx.asm
                   D1616S   0x00858a    program     static C:\MCC18\SRC\TRADIT~1\MATH\fxd1616s.asm
                D1616SNEG   0x008598    program     static C:\MCC18\SRC\TRADIT~1\MATH\fxd1616s.asm
                 D1616SOK   0x008594    program     static C:\MCC18\SRC\TRADIT~1\MATH\fxd1616s.asm
                  D1616SX   0x0085aa    program     static C:\MCC18\SRC\TRADIT~1\MATH\fxd1616s.asm
                    D1K_1   0x00b52c    program     static C:\MCC18\SRC\TRADIT~1\DELAYS\d1ktcyx.asm
                     D1Kx   0x00b52a    program     static C:\MCC18\SRC\TRADIT~1\DELAYS\d1ktcyx.asm
                  DA1616S   0x00857a    program     static C:\MCC18\SRC\TRADIT~1\MATH\fxd1616s.asm
                      DL1   0x009c2c    program     static C:\mcc18\Projects\EduCode\Util_lib.asm
                      DL2   0x009c42    program     static C:\mcc18\Projects\EduCode\Util_lib.asm
          Dead_Space_Loop   0x009c28    program     static C:\mcc18\Projects\EduCode\Util_lib.asm
          Default_Routine   0x000ca2    program     extern C:\Feb_12th\Feb 12th\Awesome McAwesome\user_routines.c
              Delay10TCYx   0x00b55c    program     extern C:\MCC18\SRC\TRADIT~1\DELAYS\d10tcyx.asm
              Delay1KTCYx   0x00b520    program     extern C:\MCC18\SRC\TRADIT~1\DELAYS\d1ktcyx.asm
              DisplayBufr   0x00a69e    program     extern C:\Feb_12th\Feb 12th\Awesome McAwesome\ifi_utilities.c
  EEPROM_Queue_Free_Space   0x00ab48    program     extern C:\Feb_12th\Feb 12th\Awesome McAwesome\eeprom.c
              EEPROM_Read   0x00a9b0    program     extern C:\Feb_12th\Feb 12th\Awesome McAwesome\eeprom.c
             EEPROM_Write   0x00a9e4    program     extern C:\Feb_12th\Feb 12th\Awesome McAwesome\eeprom.c
     EEPROM_Write_Handler   0x00aa50    program     extern C:\Feb_12th\Feb 12th\Awesome McAwesome\eeprom.c
                 FLO0832S   0x008272    program     extern C:\MCC18\SRC\TRADIT~1\MATH\cast08FP.asm
                 FLO0832U   0x00826e    program     extern C:\MCC18\SRC\TRADIT~1\MATH\cast08FP.asm
                 FLO1632S   0x008294    program     extern C:\MCC18\SRC\TRADIT~1\MATH\cast16FP.asm
                 FLO1632U   0x008290    program     extern C:\MCC18\SRC\TRADIT~1\MATH\cast16FP.asm
                    FPA32   0x0082bc    program     extern C:\MCC18\SRC\TRADIT~1\MATH\addFP.asm
                    FPD32   0x0083e8    program     extern C:\MCC18\SRC\TRADIT~1\MATH\divFP.asm
                    FPM32   0x00848e    program     extern C:\MCC18\SRC\TRADIT~1\MATH\mulFP.asm
                    FPS32   0x0082ba    program     extern C:\MCC18\SRC\TRADIT~1\MATH\addFP.asm
                 FXD1616S   0x008568    program     extern C:\MCC18\SRC\TRADIT~1\MATH\fxd1616s.asm
                 FXD1616U   0x00b488    program     extern C:\mcc18\src\TRADIT~1\math\fxd1616u.c
                 FXD3232U   0x00b402    program     extern C:\mcc18\src\TRADIT~1\math\fxd3232u.c
                 FXM1616S   0x0085b4    program     extern C:\MCC18\SRC\TRADIT~1\MATH\fxm1616s.asm
                 FXM1616U   0x00860e    program     extern C:\MCC18\SRC\TRADIT~1\MATH\fxm1616u.asm
                  FXM3232   0x00b194    program     extern C:\mcc18\src\TRADIT~1\math\fxm3232.c
            Generate_Pwms   0x009b82    program     extern C:\mcc18\Projects\EduCode\Util_lib.asm
       Generate_Pwms_Cont   0x009bc6    program     static C:\mcc18\Projects\EduCode\Util_lib.asm
        GetDataFromMaster   0x009a5a    program     extern C:\mcc18\Projects\EduCode\Util_lib.asm
         Get_Analog_Value   0x00a77e    program     extern C:\Feb_12th\Feb 12th\Awesome McAwesome\ifi_utilities.c
 Get_Camera_Configuration   0x0070a0    program     extern C:\Feb_12th\Feb 12th\Awesome McAwesome\camera.c
         Get_Camera_State   0x007260    program     extern C:\Feb_12th\Feb 12th\Awesome McAwesome\camera.c
Get_Tracking_Configuration   0x00799c    program     extern C:\Feb_12th\Feb 12th\Awesome McAwesome\tracking.c
       Get_Tracking_State   0x007aee    program     extern C:\Feb_12th\Feb 12th\Awesome McAwesome\tracking.c
                  Getdata   0x007d5a    program     extern C:\mcc18\Projects\EduCode\ifi_library.c
           Handle_Spi_Int   0x007d0e    program     extern C:\mcc18\Projects\EduCode\ifi_library.c
               Hex_output   0x009908    program     extern C:\mcc18\Projects\EduCode\Util_lib.asm
       IFI_Initialization   0x007c22    program     extern C:\mcc18\Projects\EduCode\ifi_library.c
                  INT3208   0x00864a    program     extern C:\MCC18\SRC\TRADIT~1\MATH\castFP08.asm
                  INT3216   0x008698    program     extern C:\MCC18\SRC\TRADIT~1\MATH\castFP16.asm
                  INT3232   0x0088d0    program     extern C:\MCC18\SRC\TRADIT~1\MATH\castFP32.asm
     Init_Serial_Port_One   0x009c7a    program     extern C:\Feb_12th\Feb 12th\Awesome McAwesome\serial_ports.c
     Init_Serial_Port_Two   0x009cac    program     extern C:\Feb_12th\Feb 12th\Awesome McAwesome\serial_ports.c
        Initialize_Camera   0x006dac    program     extern C:\Feb_12th\Feb 12th\Awesome McAwesome\camera.c
           Initialize_PWM   0x00a804    program     extern C:\Feb_12th\Feb 12th\Awesome McAwesome\pwm.c
     Initialize_Registers   0x007baa    program     extern C:\mcc18\Projects\EduCode\ifi_library.c
  Initialize_Serial_Comms   0x00a74c    program     extern C:\Feb_12th\Feb 12th\Awesome McAwesome\ifi_utilities.c
      Initialize_Tracking   0x00795c    program     extern C:\Feb_12th\Feb 12th\Awesome McAwesome\tracking.c
     InterruptHandlerHigh   0x007b52    program     extern C:\mcc18\Projects\EduCode\ifi_library.c
      InterruptHandlerLow   0x002420    program     extern C:\Feb_12th\Feb 12th\Awesome McAwesome\user_routines_fast.c
      InterruptVectorHigh   0x000808    program     extern C:\mcc18\Projects\EduCode\ifi_library.c
       InterruptVectorLow   0x000818    program     extern C:\Feb_12th\Feb 12th\Awesome McAwesome\user_routines_fast.c
                      LP4   0x009bca    program     static C:\mcc18\Projects\EduCode\Util_lib.asm
                LP4_Cont1   0x009bd4    program     static C:\mcc18\Projects\EduCode\Util_lib.asm
                LP4_Cont2   0x009bde    program     static C:\mcc18\Projects\EduCode\Util_lib.asm
                LP4_Cont3   0x009be8    program     static C:\mcc18\Projects\EduCode\Util_lib.asm
                LP4_Cont4   0x009bf4    program     static C:\mcc18\Projects\EduCode\Util_lib.asm
                LP4_Cont5   0x009bfe    program     static C:\mcc18\Projects\EduCode\Util_lib.asm
                LP4_Cont6   0x009c08    program     static C:\mcc18\Projects\EduCode\Util_lib.asm
                LP4_Cont7   0x009c12    program     static C:\mcc18\Projects\EduCode\Util_lib.asm
                LP4_Cont8   0x009c1c    program     static C:\mcc18\Projects\EduCode\Util_lib.asm
                Limit_Mix   0x000a8a    program     extern C:\Feb_12th\Feb 12th\Awesome McAwesome\user_routines.c
         Limit_Switch_Max   0x000a16    program     extern C:\Feb_12th\Feb 12th\Awesome McAwesome\user_routines.c
         Limit_Switch_Min   0x000a4e    program     extern C:\Feb_12th\Feb 12th\Awesome McAwesome\user_routines.c
               Menu_Print   0x005c66    program     extern C:\Feb_12th\Feb 12th\Awesome McAwesome\camera_menu.c
           MoveData4Buff0   0x0099d0    program     static C:\mcc18\Projects\EduCode\Util_lib.asm
        MoveDataFromBuff1   0x009af8    program     static C:\mcc18\Projects\EduCode\Util_lib.asm
             Noise_Filter   0x0072a4    program     extern C:\Feb_12th\Feb 12th\Awesome McAwesome\camera.c
               Open1USART   0x00b39e    program     extern C:\mcc18\src\TRADIT~1\pmc\USART\u1open.c
                  OpenADC   0x00b204    program     extern C:\mcc18\src\TRADIT~1\pmc\ADC\adcopen.c
                 OpenSPI1   0x00b2d2    program     extern C:\mcc18\src\TRADIT~1\pmc\SPI\spi1open.c
                      PWM   0x00a81c    program     extern C:\Feb_12th\Feb 12th\Awesome McAwesome\pwm.c
           PWM_Menu_Print   0x003c6c    program     extern C:\Feb_12th\Feb 12th\Awesome McAwesome\tracking_menu.c
          PacketNum_Check   0x00a6e0    program     extern C:\Feb_12th\Feb 12th\Awesome McAwesome\ifi_utilities.c
    Prep_SPI_4_First_Byte   0x007cb0    program     extern C:\mcc18\Projects\EduCode\ifi_library.c
                PrintByte   0x00a630    program     extern C:\Feb_12th\Feb 12th\Awesome McAwesome\ifi_utilities.c
                PrintWord   0x00a652    program     extern C:\Feb_12th\Feb 12th\Awesome McAwesome\ifi_utilities.c
Process_Data_From_Local_IO   0x00315a    program     extern C:\Feb_12th\Feb 12th\Awesome McAwesome\user_routines_fast.c
Process_Data_From_Master_uP   0x000bdc    program     extern C:\Feb_12th\Feb 12th\Awesome McAwesome\user_routines.c
                  Putdata   0x007d8c    program     extern C:\mcc18\Projects\EduCode\ifi_library.c
                Pwm_Delay   0x009c58    program     static C:\mcc18\Projects\EduCode\Util_lib.asm
                 Raw_Mode   0x007268    program     extern C:\Feb_12th\Feb 12th\Awesome McAwesome\camera.c
                  ReadADC   0x00b44a    program     extern C:\mcc18\src\TRADIT~1\pmc\ADC\adcread.c
  Read_Camera_Serial_Port   0x00736a    program     extern C:\Feb_12th\Feb 12th\Awesome McAwesome\camera.c
     Read_Serial_Port_One   0x009d1e    program     extern C:\Feb_12th\Feb 12th\Awesome McAwesome\serial_ports.c
     Read_Serial_Port_Two   0x009d6a    program     extern C:\Feb_12th\Feb 12th\Awesome McAwesome\serial_ports.c
Read_Terminal_Serial_Port   0x007396    program     extern C:\Feb_12th\Feb 12th\Awesome McAwesome\camera.c
           Restart_Camera   0x00725a    program     extern C:\Feb_12th\Feb 12th\Awesome McAwesome\camera.c
         Rx_1_Int_Handler   0x009e3a    program     extern C:\Feb_12th\Feb 12th\Awesome McAwesome\serial_ports.c
         Rx_2_Int_Handler   0x009e78    program     extern C:\Feb_12th\Feb 12th\Awesome McAwesome\serial_ports.c
Save_Camera_Configuration   0x006118    program     extern C:\Feb_12th\Feb 12th\Awesome McAwesome\camera_menu.c
Save_Tracking_Configuration   0x003ece    program     extern C:\Feb_12th\Feb 12th\Awesome McAwesome\tracking_menu.c
         SendDataToMaster   0x009936    program     extern C:\mcc18\Projects\EduCode\Util_lib.asm
     Serial_Char_Callback   0x00315c    program     extern C:\Feb_12th\Feb 12th\Awesome McAwesome\user_routines_fast.c
Serial_Port_One_Byte_Count   0x009cde    program     extern C:\Feb_12th\Feb 12th\Awesome McAwesome\serial_ports.c
Serial_Port_Two_Byte_Count   0x009cfe    program     extern C:\Feb_12th\Feb 12th\Awesome McAwesome\serial_ports.c
              Servo_Track   0x0073ba    program     extern C:\Feb_12th\Feb 12th\Awesome McAwesome\tracking.c
Set_Number_of_Analog_Channels   0x00a768    program     extern C:\Feb_12th\Feb 12th\Awesome McAwesome\ifi_utilities.c
   Set_Pan_Servo_Position   0x007b26    program     extern C:\Feb_12th\Feb 12th\Awesome McAwesome\tracking.c
  Set_Tilt_Servo_Position   0x007b3c    program     extern C:\Feb_12th\Feb 12th\Awesome McAwesome\tracking.c
    Setup_PWM_Output_Type   0x007e10    program     extern C:\mcc18\Projects\EduCode\ifi_library.c
          Setup_Spi_Slave   0x007b94    program     extern C:\mcc18\Projects\EduCode\ifi_library.c
                  TAEQB32   0x00893e    program     extern C:\MCC18\SRC\TRADIT~1\MATH\eqFP.asm
                  TAGTB32   0x0086f6    program     extern C:\MCC18\SRC\TRADIT~1\MATH\gtFP.asm
                  TALTB32   0x008708    program     extern C:\MCC18\SRC\TRADIT~1\MATH\ltFP.asm
               TSIGN1616A   0x008600    program     static C:\MCC18\SRC\TRADIT~1\MATH\fxm1616s.asm
Terminal_Serial_Port_Byte_Count   0x00738e    program     extern C:\Feb_12th\Feb 12th\Awesome McAwesome\camera.c
             TerminateGet   0x009b78    program     static C:\mcc18\Projects\EduCode\Util_lib.asm
            TerminateSend   0x009a50    program     static C:\mcc18\Projects\EduCode\Util_lib.asm
              Track_Color   0x0071ec    program     extern C:\Feb_12th\Feb 12th\Awesome McAwesome\camera.c
   Tracking_Info_Terminal   0x00a1dc    program     extern C:\Feb_12th\Feb 12th\Awesome McAwesome\terminal.c
            Tracking_Menu   0x00316c    program     extern C:\Feb_12th\Feb 12th\Awesome McAwesome\tracking_menu.c
      Tracking_Menu_Print   0x003862    program     extern C:\Feb_12th\Feb 12th\Awesome McAwesome\tracking_menu.c
         Tx_1_Int_Handler   0x009eb6    program     extern C:\Feb_12th\Feb 12th\Awesome McAwesome\serial_ports.c
         Tx_2_Int_Handler   0x009ee6    program     extern C:\Feb_12th\Feb 12th\Awesome McAwesome\serial_ports.c
  UpdateLocalPWMDirection   0x009934    program     extern C:\mcc18\Projects\EduCode\Util_lib.asm
     User_Autonomous_Code   0x0024cc    program     extern C:\Feb_12th\Feb 12th\Awesome McAwesome\user_routines_fast.c
      User_Initialization   0x000b08    program     extern C:\Feb_12th\Feb 12th\Awesome McAwesome\user_routines.c
       User_Proc_Is_Ready   0x007ca6    program     extern C:\mcc18\Projects\EduCode\ifi_library.c
           Virtual_Window   0x0072d6    program     extern C:\Feb_12th\Feb 12th\Awesome McAwesome\camera.c
             Wait4TXEmpty   0x00a626    program     extern C:\Feb_12th\Feb 12th\Awesome McAwesome\ifi_utilities.c
Write_Camera_Module_Register   0x007326    program     extern C:\Feb_12th\Feb 12th\Awesome McAwesome\camera.c
 Write_Camera_Serial_Port   0x007372    program     extern C:\Feb_12th\Feb 12th\Awesome McAwesome\camera.c
    Write_Serial_Port_One   0x009db6    program     extern C:\Feb_12th\Feb 12th\Awesome McAwesome\serial_ports.c
    Write_Serial_Port_Two   0x009df8    program     extern C:\Feb_12th\Feb 12th\Awesome McAwesome\serial_ports.c
Write_Terminal_Serial_Port   0x00739e    program     extern C:\Feb_12th\Feb 12th\Awesome McAwesome\camera.c
                   _2jEnd   0x00b2bc    program     static C:\MCC18\SRC\TRADIT~1\STDCLIB\slenpgm.asm
        _D10TCYXCODE_000A   0x00b566    program     static C:\MCC18\SRC\TRADIT~1\DELAYS\d10tcyx.asm
        _D10TCYXCODE_000C   0x00b568    program     static C:\MCC18\SRC\TRADIT~1\DELAYS\d10tcyx.asm
        _D10TCYXCODE_000E   0x00b56a    program     static C:\MCC18\SRC\TRADIT~1\DELAYS\d10tcyx.asm
        _D1KTCYXCODE_0010   0x00b530    program     static C:\MCC18\SRC\TRADIT~1\DELAYS\d1ktcyx.asm
        _D1KTCYXCODE_0016   0x00b536    program     static C:\MCC18\SRC\TRADIT~1\DELAYS\d1ktcyx.asm
                _PackMath   0x00aec4    program     extern C:\mcc18\src\TRADIT~1\stdclib\PackMath.c
                _UnpkMath   0x00ada8    program     extern C:\mcc18\src\TRADIT~1\stdclib\UnpkMath.c
              __FpCompare   0x00871a    program     extern C:\MCC18\SRC\TRADIT~1\MATH\compFP.asm
                 __FpExit   0x0087d0    program     extern C:\MCC18\SRC\TRADIT~1\MATH\packFP.asm
                 __FpPack   0x0087fc    program     extern C:\MCC18\SRC\TRADIT~1\MATH\packFP.asm
            __FpReturnNaN   0x0087c4    program     extern C:\MCC18\SRC\TRADIT~1\MATH\packFP.asm
         __FpReturnNegInf   0x0087d6    program     extern C:\MCC18\SRC\TRADIT~1\MATH\packFP.asm
        __FpReturnNegZero   0x0087ee    program     extern C:\MCC18\SRC\TRADIT~1\MATH\packFP.asm
         __FpReturnPosInf   0x0087dc    program     extern C:\MCC18\SRC\TRADIT~1\MATH\packFP.asm
        __FpReturnPosZero   0x0087f6    program     extern C:\MCC18\SRC\TRADIT~1\MATH\packFP.asm
        __FpReturnSignInf   0x0087d2    program     extern C:\MCC18\SRC\TRADIT~1\MATH\packFP.asm
       __FpReturnSignZero   0x0087ea    program     extern C:\MCC18\SRC\TRADIT~1\MATH\packFP.asm
              __FpReturnW   0x008854    program     extern C:\MCC18\SRC\TRADIT~1\MATH\packFP.asm
              __FpUnPackA   0x008874    program     extern C:\MCC18\SRC\TRADIT~1\MATH\UnpackFP.asm
              __FpUnPackB   0x0088a4    program     extern C:\MCC18\SRC\TRADIT~1\MATH\UnpackFP.asm
       ___return_lbl00000   0x00b4b2    program     static                          
       ___return_lbl00000   0x000804    program     static                          
       ___return_lbl00000   0x00080c    program     static                          
       ___return_lbl00000   0x00b202    program     static                          
       ___return_lbl00000   0x00b448    program     static                          
       ___return_lbl00001   0x00b51e    program     static                          
       ___return_lbl00002   0x00b07a    program     static                          
       ___return_lbl00017   0x00081c    program     static                          
                   __pa_0   0x00af8c    program     static C:\mcc18\src\TRADIT~1\stdclib\PackMath.c
                   __pa_0   0x00a1c4    program     static C:\mcc18\src\TRADIT~1\stdclib\fchop.c
                   __pa_0   0x00aeb6    program     static C:\mcc18\src\TRADIT~1\stdclib\UnpkMath.c
                   __pa_0   0x009800    program     static C:\mcc18\src\TRADIT~1\stdclib\tan.c
                   __pa_0   0x00ad8c    program     static C:\mcc18\src\TRADIT~1\stdclib\frexp.c
                   __pa_0   0x005406    program     static C:\mcc18\src\TRADIT~1\stdclib\pow.c
                   __pa_0   0x00ac7e    program     static C:\mcc18\src\TRADIT~1\stdclib\ldexp.c
                   __pa_0   0x0048ea    program     static C:\mcc18\src\TRADIT~1\stdclib\vfprintf.c
                   __pa_0   0x0092d0    program     static C:\mcc18\src\TRADIT~1\stdclib\log.c
                   __pa_0   0x008dd8    program     static C:\mcc18\src\TRADIT~1\stdclib\exp.c
                   __pa_1   0x00af9c    program     static C:\mcc18\src\TRADIT~1\stdclib\PackMath.c
                   __pa_1   0x00a1ce    program     static C:\mcc18\src\TRADIT~1\stdclib\fchop.c
                   __pa_1   0x0048f2    program     static C:\mcc18\src\TRADIT~1\stdclib\vfprintf.c
                   __pa_1   0x00ad9a    program     static C:\mcc18\src\TRADIT~1\stdclib\frexp.c
                   __pa_1   0x008de0    program     static C:\mcc18\src\TRADIT~1\stdclib\exp.c
                   __pa_1   0x00541c    program     static C:\mcc18\src\TRADIT~1\stdclib\pow.c
                   __pa_1   0x00981c    program     static C:\mcc18\src\TRADIT~1\stdclib\tan.c
                   __pa_1   0x0092dc    program     static C:\mcc18\src\TRADIT~1\stdclib\log.c
                  __pa_10   0x009392    program     static C:\mcc18\src\TRADIT~1\stdclib\log.c
                  __pa_10   0x0098c4    program     static C:\mcc18\src\TRADIT~1\stdclib\tan.c
                  __pa_10   0x005516    program     static C:\mcc18\src\TRADIT~1\stdclib\pow.c
                  __pa_10   0x0049a6    program     static C:\mcc18\src\TRADIT~1\stdclib\vfprintf.c
                  __pa_10   0x008ebe    program     static C:\mcc18\src\TRADIT~1\stdclib\exp.c
                  __pa_11   0x008ed0    program     static C:\mcc18\src\TRADIT~1\stdclib\exp.c
                  __pa_11   0x00553c    program     static C:\mcc18\src\TRADIT~1\stdclib\pow.c
                  __pa_11   0x0098d2    program     static C:\mcc18\src\TRADIT~1\stdclib\tan.c
                  __pa_11   0x00939a    program     static C:\mcc18\src\TRADIT~1\stdclib\log.c
                  __pa_11   0x0049b4    program     static C:\mcc18\src\TRADIT~1\stdclib\vfprintf.c
                  __pa_12   0x008ee2    program     static C:\mcc18\src\TRADIT~1\stdclib\exp.c
                  __pa_12   0x00554e    program     static C:\mcc18\src\TRADIT~1\stdclib\pow.c
                  __pa_12   0x0093ac    program     static C:\mcc18\src\TRADIT~1\stdclib\log.c
                  __pa_12   0x0049ca    program     static C:\mcc18\src\TRADIT~1\stdclib\vfprintf.c
                  __pa_13   0x005560    program     static C:\mcc18\src\TRADIT~1\stdclib\pow.c
                  __pa_13   0x0049e4    program     static C:\mcc18\src\TRADIT~1\stdclib\vfprintf.c
                  __pa_13   0x0093c6    program     static C:\mcc18\src\TRADIT~1\stdclib\log.c
                  __pa_13   0x008eee    program     static C:\mcc18\src\TRADIT~1\stdclib\exp.c
                  __pa_14   0x0093d8    program     static C:\mcc18\src\TRADIT~1\stdclib\log.c
                  __pa_14   0x00556a    program     static C:\mcc18\src\TRADIT~1\stdclib\pow.c
                  __pa_14   0x0049fc    program     static C:\mcc18\src\TRADIT~1\stdclib\vfprintf.c
                  __pa_14   0x008efc    program     static C:\mcc18\src\TRADIT~1\stdclib\exp.c
                  __pa_15   0x0093ea    program     static C:\mcc18\src\TRADIT~1\stdclib\log.c
                  __pa_15   0x008f06    program     static C:\mcc18\src\TRADIT~1\stdclib\exp.c
                  __pa_15   0x004a0c    program     static C:\mcc18\src\TRADIT~1\stdclib\vfprintf.c
                  __pa_15   0x005584    program     static C:\mcc18\src\TRADIT~1\stdclib\pow.c
                  __pa_16   0x00559c    program     static C:\mcc18\src\TRADIT~1\stdclib\pow.c
                  __pa_16   0x004a22    program     static C:\mcc18\src\TRADIT~1\stdclib\vfprintf.c
                  __pa_16   0x0093f6    program     static C:\mcc18\src\TRADIT~1\stdclib\log.c
                  __pa_17   0x0055aa    program     static C:\mcc18\src\TRADIT~1\stdclib\pow.c
                  __pa_17   0x004a34    program     static C:\mcc18\src\TRADIT~1\stdclib\vfprintf.c
                  __pa_18   0x004a46    program     static C:\mcc18\src\TRADIT~1\stdclib\vfprintf.c
                  __pa_18   0x0055b8    program     static C:\mcc18\src\TRADIT~1\stdclib\pow.c
                  __pa_19   0x004a50    program     static C:\mcc18\src\TRADIT~1\stdclib\vfprintf.c
                  __pa_19   0x0055c0    program     static C:\mcc18\src\TRADIT~1\stdclib\pow.c
                   __pa_2   0x00afaa    program     static C:\mcc18\src\TRADIT~1\stdclib\PackMath.c
                   __pa_2   0x00982e    program     static C:\mcc18\src\TRADIT~1\stdclib\tan.c
                   __pa_2   0x008e00    program     static C:\mcc18\src\TRADIT~1\stdclib\exp.c
                   __pa_2   0x0048fc    program     static C:\mcc18\src\TRADIT~1\stdclib\vfprintf.c
                   __pa_2   0x0092ee    program     static C:\mcc18\src\TRADIT~1\stdclib\log.c
                   __pa_2   0x005424    program     static C:\mcc18\src\TRADIT~1\stdclib\pow.c
                  __pa_20   0x004a60    program     static C:\mcc18\src\TRADIT~1\stdclib\vfprintf.c
                  __pa_20   0x0055d2    program     static C:\mcc18\src\TRADIT~1\stdclib\pow.c
                  __pa_21   0x0055e4    program     static C:\mcc18\src\TRADIT~1\stdclib\pow.c
                  __pa_21   0x004a70    program     static C:\mcc18\src\TRADIT~1\stdclib\vfprintf.c
                  __pa_22   0x004a80    program     static C:\mcc18\src\TRADIT~1\stdclib\vfprintf.c
                  __pa_22   0x0055f6    program     static C:\mcc18\src\TRADIT~1\stdclib\pow.c
                  __pa_23   0x004a8c    program     static C:\mcc18\src\TRADIT~1\stdclib\vfprintf.c
                  __pa_23   0x005602    program     static C:\mcc18\src\TRADIT~1\stdclib\pow.c
                  __pa_24   0x00560e    program     static C:\mcc18\src\TRADIT~1\stdclib\pow.c
                  __pa_24   0x004a9a    program     static C:\mcc18\src\TRADIT~1\stdclib\vfprintf.c
                  __pa_25   0x005618    program     static C:\mcc18\src\TRADIT~1\stdclib\pow.c
                  __pa_25   0x004aa2    program     static C:\mcc18\src\TRADIT~1\stdclib\vfprintf.c
                  __pa_26   0x005628    program     static C:\mcc18\src\TRADIT~1\stdclib\pow.c
                  __pa_26   0x004aac    program     static C:\mcc18\src\TRADIT~1\stdclib\vfprintf.c
                  __pa_27   0x005636    program     static C:\mcc18\src\TRADIT~1\stdclib\pow.c
                  __pa_27   0x004ab6    program     static C:\mcc18\src\TRADIT~1\stdclib\vfprintf.c
                  __pa_28   0x005640    program     static C:\mcc18\src\TRADIT~1\stdclib\pow.c
                  __pa_28   0x004abe    program     static C:\mcc18\src\TRADIT~1\stdclib\vfprintf.c
                  __pa_29   0x005648    program     static C:\mcc18\src\TRADIT~1\stdclib\pow.c
                  __pa_29   0x004acc    program     static C:\mcc18\src\TRADIT~1\stdclib\vfprintf.c
                   __pa_3   0x00afb4    program     static C:\mcc18\src\TRADIT~1\stdclib\PackMath.c
                   __pa_3   0x00543e    program     static C:\mcc18\src\TRADIT~1\stdclib\pow.c
                   __pa_3   0x008e1a    program     static C:\mcc18\src\TRADIT~1\stdclib\exp.c
                   __pa_3   0x00930a    program     static C:\mcc18\src\TRADIT~1\stdclib\log.c
                   __pa_3   0x009838    program     static C:\mcc18\src\TRADIT~1\stdclib\tan.c
                   __pa_3   0x004906    program     static C:\mcc18\src\TRADIT~1\stdclib\vfprintf.c
                  __pa_30   0x004ae8    program     static C:\mcc18\src\TRADIT~1\stdclib\vfprintf.c
                  __pa_30   0x005650    program     static C:\mcc18\src\TRADIT~1\stdclib\pow.c
                  __pa_31   0x004b02    program     static C:\mcc18\src\TRADIT~1\stdclib\vfprintf.c
                  __pa_31   0x005662    program     static C:\mcc18\src\TRADIT~1\stdclib\pow.c
                  __pa_32   0x00566e    program     static C:\mcc18\src\TRADIT~1\stdclib\pow.c
                  __pa_32   0x004b1c    program     static C:\mcc18\src\TRADIT~1\stdclib\vfprintf.c
                  __pa_33   0x005674    program     static C:\mcc18\src\TRADIT~1\stdclib\pow.c
                  __pa_33   0x004b34    program     static C:\mcc18\src\TRADIT~1\stdclib\vfprintf.c
                  __pa_34   0x00567c    program     static C:\mcc18\src\TRADIT~1\stdclib\pow.c
                  __pa_34   0x004b3e    program     static C:\mcc18\src\TRADIT~1\stdclib\vfprintf.c
                  __pa_35   0x004b4c    program     static C:\mcc18\src\TRADIT~1\stdclib\vfprintf.c
                  __pa_35   0x005688    program     static C:\mcc18\src\TRADIT~1\stdclib\pow.c
                  __pa_36   0x004b54    program     static C:\mcc18\src\TRADIT~1\stdclib\vfprintf.c
                  __pa_36   0x005696    program     static C:\mcc18\src\TRADIT~1\stdclib\pow.c
                  __pa_37   0x004b5e    program     static C:\mcc18\src\TRADIT~1\stdclib\vfprintf.c
                  __pa_37   0x00569e    program     static C:\mcc18\src\TRADIT~1\stdclib\pow.c
                  __pa_38   0x0056a8    program     static C:\mcc18\src\TRADIT~1\stdclib\pow.c
                  __pa_38   0x004b6e    program     static C:\mcc18\src\TRADIT~1\stdclib\vfprintf.c
                  __pa_39   0x0056b0    program     static C:\mcc18\src\TRADIT~1\stdclib\pow.c
                  __pa_39   0x004b7c    program     static C:\mcc18\src\TRADIT~1\stdclib\vfprintf.c
                   __pa_4   0x00afc2    program     static C:\mcc18\src\TRADIT~1\stdclib\PackMath.c
                   __pa_4   0x008e2a    program     static C:\mcc18\src\TRADIT~1\stdclib\exp.c
                   __pa_4   0x00491e    program     static C:\mcc18\src\TRADIT~1\stdclib\vfprintf.c
                   __pa_4   0x005482    program     static C:\mcc18\src\TRADIT~1\stdclib\pow.c
                   __pa_4   0x009310    program     static C:\mcc18\src\TRADIT~1\stdclib\log.c
                   __pa_4   0x009854    program     static C:\mcc18\src\TRADIT~1\stdclib\tan.c
                  __pa_40   0x0056ba    program     static C:\mcc18\src\TRADIT~1\stdclib\pow.c
                  __pa_40   0x004b88    program     static C:\mcc18\src\TRADIT~1\stdclib\vfprintf.c
                  __pa_41   0x0056c8    program     static C:\mcc18\src\TRADIT~1\stdclib\pow.c
                  __pa_41   0x004b94    program     static C:\mcc18\src\TRADIT~1\stdclib\vfprintf.c
                  __pa_42   0x0056d0    program     static C:\mcc18\src\TRADIT~1\stdclib\pow.c
                  __pa_42   0x004b9c    program     static C:\mcc18\src\TRADIT~1\stdclib\vfprintf.c
                  __pa_43   0x004ba6    program     static C:\mcc18\src\TRADIT~1\stdclib\vfprintf.c
                  __pa_43   0x0056dc    program     static C:\mcc18\src\TRADIT~1\stdclib\pow.c
                  __pa_44   0x004bac    program     static C:\mcc18\src\TRADIT~1\stdclib\vfprintf.c
                  __pa_44   0x0056ea    program     static C:\mcc18\src\TRADIT~1\stdclib\pow.c
                  __pa_45   0x004bb6    program     static C:\mcc18\src\TRADIT~1\stdclib\vfprintf.c
                  __pa_45   0x0056f4    program     static C:\mcc18\src\TRADIT~1\stdclib\pow.c
                  __pa_46   0x004bc2    program     static C:\mcc18\src\TRADIT~1\stdclib\vfprintf.c
                   __pa_5   0x00afca    program     static C:\mcc18\src\TRADIT~1\stdclib\PackMath.c
                   __pa_5   0x00986e    program     static C:\mcc18\src\TRADIT~1\stdclib\tan.c
                   __pa_5   0x00931a    program     static C:\mcc18\src\TRADIT~1\stdclib\log.c
                   __pa_5   0x0054a6    program     static C:\mcc18\src\TRADIT~1\stdclib\pow.c
                   __pa_5   0x008e3c    program     static C:\mcc18\src\TRADIT~1\stdclib\exp.c
                   __pa_5   0x004932    program     static C:\mcc18\src\TRADIT~1\stdclib\vfprintf.c
                   __pa_6   0x00afd2    program     static C:\mcc18\src\TRADIT~1\stdclib\PackMath.c
                   __pa_6   0x008e52    program     static C:\mcc18\src\TRADIT~1\stdclib\exp.c
                   __pa_6   0x00494e    program     static C:\mcc18\src\TRADIT~1\stdclib\vfprintf.c
                   __pa_6   0x0054b4    program     static C:\mcc18\src\TRADIT~1\stdclib\pow.c
                   __pa_6   0x009338    program     static C:\mcc18\src\TRADIT~1\stdclib\log.c
                   __pa_6   0x009884    program     static C:\mcc18\src\TRADIT~1\stdclib\tan.c
                   __pa_7   0x004958    program     static C:\mcc18\src\TRADIT~1\stdclib\vfprintf.c
                   __pa_7   0x008e70    program     static C:\mcc18\src\TRADIT~1\stdclib\exp.c
                   __pa_7   0x0054c8    program     static C:\mcc18\src\TRADIT~1\stdclib\pow.c
                   __pa_7   0x009352    program     static C:\mcc18\src\TRADIT~1\stdclib\log.c
                   __pa_7   0x009896    program     static C:\mcc18\src\TRADIT~1\stdclib\tan.c
                   __pa_8   0x004964    program     static C:\mcc18\src\TRADIT~1\stdclib\vfprintf.c
                   __pa_8   0x008e8c    program     static C:\mcc18\src\TRADIT~1\stdclib\exp.c
                   __pa_8   0x00936c    program     static C:\mcc18\src\TRADIT~1\stdclib\log.c
                   __pa_8   0x0054e2    program     static C:\mcc18\src\TRADIT~1\stdclib\pow.c
                   __pa_8   0x0098a8    program     static C:\mcc18\src\TRADIT~1\stdclib\tan.c
                   __pa_9   0x008eaa    program     static C:\mcc18\src\TRADIT~1\stdclib\exp.c
                   __pa_9   0x004986    program     static C:\mcc18\src\TRADIT~1\stdclib\vfprintf.c
                   __pa_9   0x009382    program     static C:\mcc18\src\TRADIT~1\stdclib\log.c
                   __pa_9   0x0098ba    program     static C:\mcc18\src\TRADIT~1\stdclib\tan.c
                   __pa_9   0x0054fc    program     static C:\mcc18\src\TRADIT~1\stdclib\pow.c
               __string_0   0x006623    program     static C:\Feb_12th\Feb 12th\Awesome McAwesome\terminal.c
               __string_0   0x006b08    program     static C:\Feb_12th\Feb 12th\Awesome McAwesome\tracking_menu.c
               __string_0   0x00652a    program     static C:\Feb_12th\Feb 12th\Awesome McAwesome\camera_menu.c
               __string_0   0x006b91    program     static C:\Feb_12th\Feb 12th\Awesome McAwesome\user_routines.c
               __string_1   0x006620    program     static C:\Feb_12th\Feb 12th\Awesome McAwesome\terminal.c
               __string_1   0x006ae8    program     static C:\Feb_12th\Feb 12th\Awesome McAwesome\tracking_menu.c
               __string_1   0x006b6a    program     static C:\Feb_12th\Feb 12th\Awesome McAwesome\user_routines.c
               __string_1   0x00650a    program     static C:\Feb_12th\Feb 12th\Awesome McAwesome\camera_menu.c
              __string_10   0x006431    program     static C:\Feb_12th\Feb 12th\Awesome McAwesome\camera_menu.c
              __string_10   0x006a3b    program     static C:\Feb_12th\Feb 12th\Awesome McAwesome\tracking_menu.c
              __string_11   0x006a15    program     static C:\Feb_12th\Feb 12th\Awesome McAwesome\tracking_menu.c
              __string_11   0x006410    program     static C:\Feb_12th\Feb 12th\Awesome McAwesome\camera_menu.c
              __string_12   0x0069f0    program     static C:\Feb_12th\Feb 12th\Awesome McAwesome\tracking_menu.c
              __string_12   0x0063ef    program     static C:\Feb_12th\Feb 12th\Awesome McAwesome\camera_menu.c
              __string_13   0x0063d1    program     static C:\Feb_12th\Feb 12th\Awesome McAwesome\camera_menu.c
              __string_13   0x0069c9    program     static C:\Feb_12th\Feb 12th\Awesome McAwesome\tracking_menu.c
              __string_14   0x0069a6    program     static C:\Feb_12th\Feb 12th\Awesome McAwesome\tracking_menu.c
              __string_14   0x0063bb    program     static C:\Feb_12th\Feb 12th\Awesome McAwesome\camera_menu.c
              __string_15   0x00639c    program     static C:\Feb_12th\Feb 12th\Awesome McAwesome\camera_menu.c
              __string_15   0x006987    program     static C:\Feb_12th\Feb 12th\Awesome McAwesome\tracking_menu.c
              __string_16   0x00637d    program     static C:\Feb_12th\Feb 12th\Awesome McAwesome\camera_menu.c
              __string_16   0x006965    program     static C:\Feb_12th\Feb 12th\Awesome McAwesome\tracking_menu.c
              __string_17   0x006946    program     static C:\Feb_12th\Feb 12th\Awesome McAwesome\tracking_menu.c
              __string_17   0x00635e    program     static C:\Feb_12th\Feb 12th\Awesome McAwesome\camera_menu.c
              __string_18   0x00692a    program     static C:\Feb_12th\Feb 12th\Awesome McAwesome\tracking_menu.c
              __string_18   0x00633f    program     static C:\Feb_12th\Feb 12th\Awesome McAwesome\camera_menu.c
              __string_19   0x006903    program     static C:\Feb_12th\Feb 12th\Awesome McAwesome\tracking_menu.c
              __string_19   0x006320    program     static C:\Feb_12th\Feb 12th\Awesome McAwesome\camera_menu.c
               __string_2   0x006ae5    program     static C:\Feb_12th\Feb 12th\Awesome McAwesome\tracking_menu.c
               __string_2   0x0064f4    program     static C:\Feb_12th\Feb 12th\Awesome McAwesome\camera_menu.c
               __string_2   0x006604    program     static C:\Feb_12th\Feb 12th\Awesome McAwesome\terminal.c
               __string_2   0x006b43    program     static C:\Feb_12th\Feb 12th\Awesome McAwesome\user_routines.c
              __string_20   0x0068dd    program     static C:\Feb_12th\Feb 12th\Awesome McAwesome\tracking_menu.c
              __string_20   0x006301    program     static C:\Feb_12th\Feb 12th\Awesome McAwesome\camera_menu.c
              __string_21   0x0062e1    program     static C:\Feb_12th\Feb 12th\Awesome McAwesome\camera_menu.c
              __string_21   0x0068b5    program     static C:\Feb_12th\Feb 12th\Awesome McAwesome\tracking_menu.c
              __string_22   0x0062c1    program     static C:\Feb_12th\Feb 12th\Awesome McAwesome\camera_menu.c
              __string_22   0x006891    program     static C:\Feb_12th\Feb 12th\Awesome McAwesome\tracking_menu.c
              __string_23   0x0062a1    program     static C:\Feb_12th\Feb 12th\Awesome McAwesome\camera_menu.c
              __string_23   0x006872    program     static C:\Feb_12th\Feb 12th\Awesome McAwesome\tracking_menu.c
              __string_24   0x006281    program     static C:\Feb_12th\Feb 12th\Awesome McAwesome\camera_menu.c
              __string_24   0x00684b    program     static C:\Feb_12th\Feb 12th\Awesome McAwesome\tracking_menu.c
              __string_25   0x006261    program     static C:\Feb_12th\Feb 12th\Awesome McAwesome\camera_menu.c
              __string_25   0x006825    program     static C:\Feb_12th\Feb 12th\Awesome McAwesome\tracking_menu.c
              __string_26   0x00680b    program     static C:\Feb_12th\Feb 12th\Awesome McAwesome\tracking_menu.c
              __string_26   0x006241    program     static C:\Feb_12th\Feb 12th\Awesome McAwesome\camera_menu.c
              __string_27   0x0067f8    program     static C:\Feb_12th\Feb 12th\Awesome McAwesome\tracking_menu.c
              __string_27   0x00622c    program     static C:\Feb_12th\Feb 12th\Awesome McAwesome\camera_menu.c
              __string_28   0x0067ed    program     static C:\Feb_12th\Feb 12th\Awesome McAwesome\tracking_menu.c
              __string_28   0x006212    program     static C:\Feb_12th\Feb 12th\Awesome McAwesome\camera_menu.c
              __string_29   0x0067d5    program     static C:\Feb_12th\Feb 12th\Awesome McAwesome\tracking_menu.c
              __string_29   0x0061ff    program     static C:\Feb_12th\Feb 12th\Awesome McAwesome\camera_menu.c
               __string_3   0x0064ed    program     static C:\Feb_12th\Feb 12th\Awesome McAwesome\camera_menu.c
               __string_3   0x006b1c    program     static C:\Feb_12th\Feb 12th\Awesome McAwesome\user_routines.c
               __string_3   0x006ada    program     static C:\Feb_12th\Feb 12th\Awesome McAwesome\tracking_menu.c
               __string_3   0x0065e8    program     static C:\Feb_12th\Feb 12th\Awesome McAwesome\terminal.c
              __string_30   0x0061f4    program     static C:\Feb_12th\Feb 12th\Awesome McAwesome\camera_menu.c
              __string_30   0x0067bc    program     static C:\Feb_12th\Feb 12th\Awesome McAwesome\tracking_menu.c
              __string_31   0x0067a3    program     static C:\Feb_12th\Feb 12th\Awesome McAwesome\tracking_menu.c
              __string_32   0x006789    program     static C:\Feb_12th\Feb 12th\Awesome McAwesome\tracking_menu.c
              __string_33   0x00676d    program     static C:\Feb_12th\Feb 12th\Awesome McAwesome\tracking_menu.c
              __string_34   0x00674e    program     static C:\Feb_12th\Feb 12th\Awesome McAwesome\tracking_menu.c
              __string_35   0x006732    program     static C:\Feb_12th\Feb 12th\Awesome McAwesome\tracking_menu.c
              __string_36   0x00671b    program     static C:\Feb_12th\Feb 12th\Awesome McAwesome\tracking_menu.c
              __string_37   0x006703    program     static C:\Feb_12th\Feb 12th\Awesome McAwesome\tracking_menu.c
              __string_38   0x0066ea    program     static C:\Feb_12th\Feb 12th\Awesome McAwesome\tracking_menu.c
              __string_39   0x0066d0    program     static C:\Feb_12th\Feb 12th\Awesome McAwesome\tracking_menu.c
               __string_4   0x0065cc    program     static C:\Feb_12th\Feb 12th\Awesome McAwesome\terminal.c
               __string_4   0x006ad0    program     static C:\Feb_12th\Feb 12th\Awesome McAwesome\tracking_menu.c
               __string_4   0x0064d4    program     static C:\Feb_12th\Feb 12th\Awesome McAwesome\camera_menu.c
              __string_40   0x0066b3    program     static C:\Feb_12th\Feb 12th\Awesome McAwesome\tracking_menu.c
              __string_41   0x006693    program     static C:\Feb_12th\Feb 12th\Awesome McAwesome\tracking_menu.c
              __string_42   0x006676    program     static C:\Feb_12th\Feb 12th\Awesome McAwesome\tracking_menu.c
              __string_43   0x006655    program     static C:\Feb_12th\Feb 12th\Awesome McAwesome\tracking_menu.c
              __string_44   0x006632    program     static C:\Feb_12th\Feb 12th\Awesome McAwesome\tracking_menu.c
               __string_5   0x006aba    program     static C:\Feb_12th\Feb 12th\Awesome McAwesome\tracking_menu.c
               __string_5   0x0064d1    program     static C:\Feb_12th\Feb 12th\Awesome McAwesome\camera_menu.c
               __string_5   0x0065b0    program     static C:\Feb_12th\Feb 12th\Awesome McAwesome\terminal.c
               __string_6   0x006ab3    program     static C:\Feb_12th\Feb 12th\Awesome McAwesome\tracking_menu.c
               __string_6   0x006594    program     static C:\Feb_12th\Feb 12th\Awesome McAwesome\terminal.c
               __string_6   0x0064b5    program     static C:\Feb_12th\Feb 12th\Awesome McAwesome\camera_menu.c
               __string_7   0x006a95    program     static C:\Feb_12th\Feb 12th\Awesome McAwesome\tracking_menu.c
               __string_7   0x006578    program     static C:\Feb_12th\Feb 12th\Awesome McAwesome\terminal.c
               __string_7   0x006494    program     static C:\Feb_12th\Feb 12th\Awesome McAwesome\camera_menu.c
               __string_8   0x006473    program     static C:\Feb_12th\Feb 12th\Awesome McAwesome\camera_menu.c
               __string_8   0x006564    program     static C:\Feb_12th\Feb 12th\Awesome McAwesome\terminal.c
               __string_8   0x006a74    program     static C:\Feb_12th\Feb 12th\Awesome McAwesome\tracking_menu.c
               __string_9   0x006a56    program     static C:\Feb_12th\Feb 12th\Awesome McAwesome\tracking_menu.c
               __string_9   0x006452    program     static C:\Feb_12th\Feb 12th\Awesome McAwesome\camera_menu.c
              __tmplbl_23   0x00314e    program     static                          
              __tmplbl_24   0x00314a    program     static                          
              __tmplbl_25   0x0030fe    program     static                          
              __tmplbl_26   0x0030a0    program     static                          
              __tmplbl_27   0x0030a0    program     static                          
              __tmplbl_28   0x0030a0    program     static                          
              __tmplbl_31   0x002538    program     static                          
              __tmplbl_42   0x004a80    program     static                          
              __tmplbl_43   0x0048cc    program     static                          
              __tmplbl_44   0x0048b2    program     static                          
              __tmplbl_47   0x001e5c    program     static                          
              __tmplbl_48   0x001e5c    program     static                          
              __tmplbl_49   0x001e5c    program     static                          
              __tmplbl_86   0x004000    program     static                          
                _do_cinit   0x00afde    program     extern C:\Feb_12th\Feb 12th\Awesome McAwesome\ifi_startup.c
                   _entry   0x000800    program     extern C:\Feb_12th\Feb 12th\Awesome McAwesome\ifi_startup.c
                   _false   0x00b444    program     static                          
                   _fchop   0x009f4e    program     extern C:\mcc18\src\TRADIT~1\stdclib\fchop.c
                 _startup   0x00b500    program     extern C:\Feb_12th\Feb 12th\Awesome McAwesome\ifi_startup.c
              _usart_putc   0x00b540    program     extern C:\MCC18\SRC\TRADIT~1\PMC\USART\_usartpc.asm
               _user_putc   0x009f16    program     extern C:\Feb_12th\Feb 12th\Awesome McAwesome\serial_ports.c
                copy_loop   0x00b050    program     static                          
            copy_one_byte   0x00b056    program     static                          
                     ctbl   0x00a428    program     extern C:\Feb_12th\Feb 12th\Awesome McAwesome\user_routines.c
                     done   0x00b07a    program     static                          
             done_copying   0x00b064    program     static                          
                  endloop   0x00b4ae    program     static                          
                      exp   0x00894c    program     extern C:\mcc18\src\TRADIT~1\stdclib\exp.c
                     fabs   0x00b338    program     extern C:\mcc18\src\TRADIT~1\stdclib\fabs.c
                    frexp   0x00ac88    program     extern C:\mcc18\src\TRADIT~1\stdclib\frexp.c
                   intABS   0x00090c    program     extern C:\Feb_12th\Feb 12th\Awesome McAwesome\user_routines.c
                   intMax   0x0008a4    program     extern C:\Feb_12th\Feb 12th\Awesome McAwesome\user_routines.c
                  isdigit   0x00b4dc    program     extern C:\MCC18\SRC\TRADIT~1\STDCLIB\isdigit.asm
                 jANotInf   0x0084ac    program     static C:\MCC18\SRC\TRADIT~1\MATH\mulFP.asm
                 jANotInf   0x0082e4    program     static C:\MCC18\SRC\TRADIT~1\MATH\addFP.asm
                 jANotInf   0x008406    program     static C:\MCC18\SRC\TRADIT~1\MATH\divFP.asm
                 jANotNeg   0x008378    program     static C:\MCC18\SRC\TRADIT~1\MATH\addFP.asm
                jANotZero   0x00841a    program     static C:\MCC18\SRC\TRADIT~1\MATH\divFP.asm
              jAandWsetup   0x008348    program     static C:\MCC18\SRC\TRADIT~1\MATH\addFP.asm
                  jAisNeg   0x008796    program     static C:\MCC18\SRC\TRADIT~1\MATH\compFP.asm
                 jAltBexp   0x008336    program     static C:\MCC18\SRC\TRADIT~1\MATH\addFP.asm
                jBANotInf   0x0082da    program     static C:\MCC18\SRC\TRADIT~1\MATH\addFP.asm
                 jBNotInf   0x0082f2    program     static C:\MCC18\SRC\TRADIT~1\MATH\addFP.asm
              jBothFinite   0x0084ba    program     static C:\MCC18\SRC\TRADIT~1\MATH\mulFP.asm
             jBothNotZero   0x0084c6    program     static C:\MCC18\SRC\TRADIT~1\MATH\mulFP.asm
             jBothNotZero   0x008738    program     static C:\MCC18\SRC\TRADIT~1\MATH\compFP.asm
            jDifOrPosSign   0x008306    program     static C:\MCC18\SRC\TRADIT~1\MATH\addFP.asm
                      jEQ   0x008754    program     static C:\MCC18\SRC\TRADIT~1\MATH\compFP.asm
                     jEnd   0x00b2be    program     static C:\MCC18\SRC\TRADIT~1\STDCLIB\slenpgm.asm
                     jEnd   0x00b286    program     static C:\MCC18\SRC\TRADIT~1\STDCLIB\strlen.asm
                    jExch   0x008760    program     static C:\MCC18\SRC\TRADIT~1\MATH\compFP.asm
                    jExit   0x008696    program     static C:\MCC18\SRC\TRADIT~1\MATH\castFP08.asm
                    jExit   0x00893c    program     static C:\MCC18\SRC\TRADIT~1\MATH\castFP32.asm
                    jExit   0x0086f4    program     static C:\MCC18\SRC\TRADIT~1\MATH\castFP16.asm
                   jExpEQ   0x0087a6    program     static C:\MCC18\SRC\TRADIT~1\MATH\compFP.asm
                   jFinal   0x00878a    program     static C:\MCC18\SRC\TRADIT~1\MATH\compFP.asm
               jFinalSign   0x0083e0    program     static C:\MCC18\SRC\TRADIT~1\MATH\addFP.asm
                jHaveZero   0x0084c2    program     static C:\MCC18\SRC\TRADIT~1\MATH\mulFP.asm
                jI2F08Beg   0x00827c    program     static C:\MCC18\SRC\TRADIT~1\MATH\cast08FP.asm
                jI2F16Beg   0x0082a4    program     static C:\MCC18\SRC\TRADIT~1\MATH\cast16FP.asm
                    jLoop   0x00867e    program     static C:\MCC18\SRC\TRADIT~1\MATH\castFP08.asm
                    jLoop   0x0086d4    program     static C:\MCC18\SRC\TRADIT~1\MATH\castFP16.asm
                    jLoop   0x008910    program     static C:\MCC18\SRC\TRADIT~1\MATH\castFP32.asm
                    jLoop   0x008442    program     static C:\MCC18\SRC\TRADIT~1\MATH\divFP.asm
                    jLoop   0x00b27c    program     static C:\MCC18\SRC\TRADIT~1\STDCLIB\strlen.asm
                    jLoop   0x00b2a6    program     static C:\MCC18\SRC\TRADIT~1\STDCLIB\slenpgm.asm
                jLoopExit   0x0086e4    program     static C:\MCC18\SRC\TRADIT~1\MATH\castFP16.asm
                jLoopExit   0x008924    program     static C:\MCC18\SRC\TRADIT~1\MATH\castFP32.asm
                jLoopExit   0x00868c    program     static C:\MCC18\SRC\TRADIT~1\MATH\castFP08.asm
                   jMatch   0x00b4fc    program     static C:\MCC18\SRC\TRADIT~1\STDCLIB\isdigit.asm
                     jMax   0x0088e0    program     static C:\MCC18\SRC\TRADIT~1\MATH\castFP32.asm
                     jMax   0x0086a8    program     static C:\MCC18\SRC\TRADIT~1\MATH\castFP16.asm
                     jMax   0x00865a    program     static C:\MCC18\SRC\TRADIT~1\MATH\castFP08.asm
                  jMaxNeg   0x0086b6    program     static C:\MCC18\SRC\TRADIT~1\MATH\castFP16.asm
                  jMaxNeg   0x0088f2    program     static C:\MCC18\SRC\TRADIT~1\MATH\castFP32.asm
                  jMaxNeg   0x008664    program     static C:\MCC18\SRC\TRADIT~1\MATH\castFP08.asm
                  jMaxPos   0x0086ac    program     static C:\MCC18\SRC\TRADIT~1\MATH\castFP16.asm
                  jMaxPos   0x00865e    program     static C:\MCC18\SRC\TRADIT~1\MATH\castFP08.asm
                  jMaxPos   0x0088e4    program     static C:\MCC18\SRC\TRADIT~1\MATH\castFP32.asm
                      jNE   0x008758    program     static C:\MCC18\SRC\TRADIT~1\MATH\compFP.asm
                    jNext   0x008468    program     static C:\MCC18\SRC\TRADIT~1\MATH\divFP.asm
                jNoAdjust   0x008466    program     static C:\MCC18\SRC\TRADIT~1\MATH\divFP.asm
                  jNoExch   0x008780    program     static C:\MCC18\SRC\TRADIT~1\MATH\compFP.asm
                 jNoMatch   0x00b4fe    program     static C:\MCC18\SRC\TRADIT~1\STDCLIB\isdigit.asm
             jNotBothZero   0x00830a    program     static C:\MCC18\SRC\TRADIT~1\MATH\addFP.asm
                  jNotInf   0x0088fe    program     static C:\MCC18\SRC\TRADIT~1\MATH\castFP32.asm
                  jNotInf   0x0086c4    program     static C:\MCC18\SRC\TRADIT~1\MATH\castFP16.asm
                  jNotInf   0x00866e    program     static C:\MCC18\SRC\TRADIT~1\MATH\castFP08.asm
                  jPkLoop   0x00880a    program     static C:\MCC18\SRC\TRADIT~1\MATH\packFP.asm
             jPkRoundDone   0x008854    program     static C:\MCC18\SRC\TRADIT~1\MATH\packFP.asm
               jPkRoundIt   0x00883c    program     static C:\MCC18\SRC\TRADIT~1\MATH\packFP.asm
             jPkShiftDone   0x008826    program     static C:\MCC18\SRC\TRADIT~1\MATH\packFP.asm
           jReturnPosInf0   0x0087e0    program     static C:\MCC18\SRC\TRADIT~1\MATH\packFP.asm
                  jRotate   0x0087b2    program     static C:\MCC18\SRC\TRADIT~1\MATH\compFP.asm
                   jShift   0x00879c    program     static C:\MCC18\SRC\TRADIT~1\MATH\compFP.asm
               jShiftDone   0x0083a0    program     static C:\MCC18\SRC\TRADIT~1\MATH\addFP.asm
               jShiftLoop   0x008392    program     static C:\MCC18\SRC\TRADIT~1\MATH\addFP.asm
                jSignDone   0x0083d0    program     static C:\MCC18\SRC\TRADIT~1\MATH\addFP.asm
              jSignedZero   0x008410    program     static C:\MCC18\SRC\TRADIT~1\MATH\divFP.asm
                 jSignsEQ   0x00873c    program     static C:\MCC18\SRC\TRADIT~1\MATH\compFP.asm
                  jUnpkA1   0x00887e    program     static C:\MCC18\SRC\TRADIT~1\MATH\UnpackFP.asm
                  jUnpkA2   0x008896    program     static C:\MCC18\SRC\TRADIT~1\MATH\UnpackFP.asm
                 jUnpkANZ   0x00888c    program     static C:\MCC18\SRC\TRADIT~1\MATH\UnpackFP.asm
                  jUnpkB1   0x0088ae    program     static C:\MCC18\SRC\TRADIT~1\MATH\UnpackFP.asm
                  jUnpkB2   0x0088c6    program     static C:\MCC18\SRC\TRADIT~1\MATH\UnpackFP.asm
                 jUnpkBNZ   0x0088bc    program     static C:\MCC18\SRC\TRADIT~1\MATH\UnpackFP.asm
                 jUnpkNaN   0x0088a0    program     static C:\MCC18\SRC\TRADIT~1\MATH\UnpackFP.asm
                 jWNotNeg   0x00838c    program     static C:\MCC18\SRC\TRADIT~1\MATH\addFP.asm
                   jWr123   0x0088ea    program     static C:\MCC18\SRC\TRADIT~1\MATH\castFP32.asm
                  jWrZ123   0x0088fa    program     static C:\MCC18\SRC\TRADIT~1\MATH\castFP32.asm
                    jZero   0x0088f8    program     static C:\MCC18\SRC\TRADIT~1\MATH\castFP32.asm
                    jZero   0x00866a    program     static C:\MCC18\SRC\TRADIT~1\MATH\castFP08.asm
                    jZero   0x0086be    program     static C:\MCC18\SRC\TRADIT~1\MATH\castFP16.asm
               jZero1and2   0x0087e4    program     static C:\MCC18\SRC\TRADIT~1\MATH\packFP.asm
            joysticklimit   0x000966    program     extern C:\Feb_12th\Feb 12th\Awesome McAwesome\user_routines.c
                    ldexp   0x00ab54    program     extern C:\mcc18\src\TRADIT~1\stdclib\ldexp.c
                      log   0x008f0e    program     extern C:\mcc18\src\TRADIT~1\stdclib\log.c
                     loop   0x00b510    program     static                          
                     loop   0x00b550    program     static C:\MCC18\SRC\TRADIT~1\PMC\USART\_usartpc.asm
                     loop   0x00b410    program     static                          
                     loop   0x00b492    program     static                          
                     main   0x00b4b4    program     extern C:\Feb_12th\Feb 12th\Awesome McAwesome\main.c
                      pow   0x004bcc    program     extern C:\mcc18\src\TRADIT~1\stdclib\pow.c
                   printf   0x00b07c    program     extern C:\mcc18\src\TRADIT~1\stdclib\printf.c
                     putc   0x00b110    program     extern C:\mcc18\src\TRADIT~1\stdclib\putc.c
                 pwmlimit   0x001eee    program     extern C:\Feb_12th\Feb 12th\Awesome McAwesome\user_routines_fast.c
                 rotation   0x0022ee    program     extern C:\Feb_12th\Feb 12th\Awesome McAwesome\user_routines_fast.c
                  s_delay   0x009c5e    program     static C:\mcc18\Projects\EduCode\Util_lib.asm
                 s_digits   0x00b572    program     static C:\mcc18\src\TRADIT~1\stdclib\vfprintf.c
            s_put_n_chars   0x003faa    program     static C:\mcc18\src\TRADIT~1\stdclib\vfprintf.c
           servotoradians   0x001e68    program     extern C:\Feb_12th\Feb 12th\Awesome McAwesome\user_routines_fast.c
                 sidestep   0x002396    program     extern C:\Feb_12th\Feb 12th\Awesome McAwesome\user_routines_fast.c
                    speed   0x00202c    program     extern C:\Feb_12th\Feb 12th\Awesome McAwesome\user_routines_fast.c
                   strlen   0x00b26c    program     extern C:\MCC18\SRC\TRADIT~1\STDCLIB\strlen.asm
                strlenpgm   0x00b288    program     extern C:\MCC18\SRC\TRADIT~1\STDCLIB\slenpgm.asm
                      tan   0x009404    program     extern C:\mcc18\src\TRADIT~1\stdclib\tan.c
                     test   0x00aff8    program     static                          
                 vfprintf   0x003fd6    program     extern C:\mcc18\src\TRADIT~1\stdclib\vfprintf.c
                   AARGB0   0x000042       data     extern C:\MCC18\SRC\TRADIT~1\MATH\aarg.asm
                   AARGB1   0x000041       data     extern C:\MCC18\SRC\TRADIT~1\MATH\aarg.asm
                   AARGB2   0x000040       data     extern C:\MCC18\SRC\TRADIT~1\MATH\aarg.asm
                   AARGB3   0x00003f       data     extern C:\MCC18\SRC\TRADIT~1\MATH\aarg.asm
                   AARGB4   0x00003e       data     extern C:\MCC18\SRC\TRADIT~1\MATH\aarg.asm
                   AARGB5   0x00003d       data     extern C:\MCC18\SRC\TRADIT~1\MATH\aarg.asm
                   AARGB6   0x00003c       data     extern C:\MCC18\SRC\TRADIT~1\MATH\aarg.asm
                   AARGB7   0x00003b       data     extern C:\MCC18\SRC\TRADIT~1\MATH\aarg.asm
                   ADCON0   0x000fc2       data     extern C:\MCC18\SRC\TRADIT~1\PROC\p18f8722.asm
               ADCON0bits   0x000fc2       data     extern C:\MCC18\SRC\TRADIT~1\PROC\p18f8722.asm
                   ADCON1   0x000fc1       data     extern C:\MCC18\SRC\TRADIT~1\PROC\p18f8722.asm
               ADCON1bits   0x000fc1       data     extern C:\MCC18\SRC\TRADIT~1\PROC\p18f8722.asm
                   ADCON2   0x000fc0       data     extern C:\MCC18\SRC\TRADIT~1\PROC\p18f8722.asm
               ADCON2bits   0x000fc0       data     extern C:\MCC18\SRC\TRADIT~1\PROC\p18f8722.asm
                    ADRES   0x000fc3       data     extern C:\MCC18\SRC\TRADIT~1\PROC\p18f8722.asm
                   ADRESH   0x000fc4       data     extern C:\MCC18\SRC\TRADIT~1\PROC\p18f8722.asm
                   ADRESL   0x000fc3       data     extern C:\MCC18\SRC\TRADIT~1\PROC\p18f8722.asm
                     AEXP   0x000043       data     extern C:\MCC18\SRC\TRADIT~1\MATH\aarg.asm
                   BARGB0   0x000047       data     extern C:\MCC18\SRC\TRADIT~1\MATH\barg.asm
                   BARGB1   0x000046       data     extern C:\MCC18\SRC\TRADIT~1\MATH\barg.asm
                   BARGB2   0x000045       data     extern C:\MCC18\SRC\TRADIT~1\MATH\barg.asm
                   BARGB3   0x000044       data     extern C:\MCC18\SRC\TRADIT~1\MATH\barg.asm
                  BAUDCON   0x000f7e       data     extern C:\MCC18\SRC\TRADIT~1\PROC\p18f8722.asm
                 BAUDCON1   0x000f7e       data     extern C:\MCC18\SRC\TRADIT~1\PROC\p18f8722.asm
             BAUDCON1bits   0x000f7e       data     extern C:\MCC18\SRC\TRADIT~1\PROC\p18f8722.asm
                 BAUDCON2   0x000f7c       data     extern C:\MCC18\SRC\TRADIT~1\PROC\p18f8722.asm
             BAUDCON2bits   0x000f7c       data     extern C:\MCC18\SRC\TRADIT~1\PROC\p18f8722.asm
              BAUDCONbits   0x000f7e       data     extern C:\MCC18\SRC\TRADIT~1\PROC\p18f8722.asm
                     BEXP   0x000048       data     extern C:\MCC18\SRC\TRADIT~1\MATH\barg.asm
                      BSR   0x000fe0       data     extern C:\MCC18\SRC\TRADIT~1\PROC\p18f8722.asm
                  CCP1CON   0x000fbd       data     extern C:\MCC18\SRC\TRADIT~1\PROC\p18f8722.asm
              CCP1CONbits   0x000fbd       data     extern C:\MCC18\SRC\TRADIT~1\PROC\p18f8722.asm
                  CCP2CON   0x000fba       data     extern C:\MCC18\SRC\TRADIT~1\PROC\p18f8722.asm
              CCP2CONbits   0x000fba       data     extern C:\MCC18\SRC\TRADIT~1\PROC\p18f8722.asm
                  CCP3CON   0x000fb7       data     extern C:\MCC18\SRC\TRADIT~1\PROC\p18f8722.asm
              CCP3CONbits   0x000fb7       data     extern C:\MCC18\SRC\TRADIT~1\PROC\p18f8722.asm
                  CCP4CON   0x000f73       data     extern C:\MCC18\SRC\TRADIT~1\PROC\p18f8722.asm
              CCP4CONbits   0x000f73       data     extern C:\MCC18\SRC\TRADIT~1\PROC\p18f8722.asm
                  CCP5CON   0x000f70       data     extern C:\MCC18\SRC\TRADIT~1\PROC\p18f8722.asm
              CCP5CONbits   0x000f70       data     extern C:\MCC18\SRC\TRADIT~1\PROC\p18f8722.asm
                    CCPR1   0x000fbe       data     extern C:\MCC18\SRC\TRADIT~1\PROC\p18f8722.asm
                   CCPR1H   0x000fbf       data     extern C:\MCC18\SRC\TRADIT~1\PROC\p18f8722.asm
                   CCPR1L   0x000fbe       data     extern C:\MCC18\SRC\TRADIT~1\PROC\p18f8722.asm
                    CCPR2   0x000fbb       data     extern C:\MCC18\SRC\TRADIT~1\PROC\p18f8722.asm
                   CCPR2H   0x000fbc       data     extern C:\MCC18\SRC\TRADIT~1\PROC\p18f8722.asm
                   CCPR2L   0x000fbb       data     extern C:\MCC18\SRC\TRADIT~1\PROC\p18f8722.asm
                    CCPR3   0x000fb8       data     extern C:\MCC18\SRC\TRADIT~1\PROC\p18f8722.asm
                   CCPR3H   0x000fb9       data     extern C:\MCC18\SRC\TRADIT~1\PROC\p18f8722.asm
                   CCPR3L   0x000fb8       data     extern C:\MCC18\SRC\TRADIT~1\PROC\p18f8722.asm
                    CCPR4   0x000f74       data     extern C:\MCC18\SRC\TRADIT~1\PROC\p18f8722.asm
                   CCPR4H   0x000f75       data     extern C:\MCC18\SRC\TRADIT~1\PROC\p18f8722.asm
                   CCPR4L   0x000f74       data     extern C:\MCC18\SRC\TRADIT~1\PROC\p18f8722.asm
                    CCPR5   0x000f71       data     extern C:\MCC18\SRC\TRADIT~1\PROC\p18f8722.asm
                   CCPR5H   0x000f72       data     extern C:\MCC18\SRC\TRADIT~1\PROC\p18f8722.asm
                   CCPR5L   0x000f71       data     extern C:\MCC18\SRC\TRADIT~1\PROC\p18f8722.asm
                    CMCON   0x000fb4       data     extern C:\MCC18\SRC\TRADIT~1\PROC\p18f8722.asm
                CMCONbits   0x000fb4       data     extern C:\MCC18\SRC\TRADIT~1\PROC\p18f8722.asm
                   CVRCON   0x000fb5       data     extern C:\MCC18\SRC\TRADIT~1\PROC\p18f8722.asm
               CVRCONbits   0x000fb5       data     extern C:\MCC18\SRC\TRADIT~1\PROC\p18f8722.asm
       Camera_Config_Data   0x000208       data     extern C:\Feb_12th\Feb 12th\Awesome McAwesome\camera.c
                      Cnt   0x000037       data     static C:\mcc18\Projects\EduCode\Util_lib.asm
                     Cnt1   0x000038       data     static C:\mcc18\Projects\EduCode\Util_lib.asm
                     DDRA   0x000f92       data     extern C:\MCC18\SRC\TRADIT~1\PROC\p18f8722.asm
                 DDRAbits   0x000f92       data     extern C:\MCC18\SRC\TRADIT~1\PROC\p18f8722.asm
                     DDRB   0x000f93       data     extern C:\MCC18\SRC\TRADIT~1\PROC\p18f8722.asm
                 DDRBbits   0x000f93       data     extern C:\MCC18\SRC\TRADIT~1\PROC\p18f8722.asm
                     DDRC   0x000f94       data     extern C:\MCC18\SRC\TRADIT~1\PROC\p18f8722.asm
                 DDRCbits   0x000f94       data     extern C:\MCC18\SRC\TRADIT~1\PROC\p18f8722.asm
                     DDRD   0x000f95       data     extern C:\MCC18\SRC\TRADIT~1\PROC\p18f8722.asm
                 DDRDbits   0x000f95       data     extern C:\MCC18\SRC\TRADIT~1\PROC\p18f8722.asm
                     DDRE   0x000f96       data     extern C:\MCC18\SRC\TRADIT~1\PROC\p18f8722.asm
                 DDREbits   0x000f96       data     extern C:\MCC18\SRC\TRADIT~1\PROC\p18f8722.asm
                     DDRF   0x000f97       data     extern C:\MCC18\SRC\TRADIT~1\PROC\p18f8722.asm
                 DDRFbits   0x000f97       data     extern C:\MCC18\SRC\TRADIT~1\PROC\p18f8722.asm
                     DDRG   0x000f98       data     extern C:\MCC18\SRC\TRADIT~1\PROC\p18f8722.asm
                 DDRGbits   0x000f98       data     extern C:\MCC18\SRC\TRADIT~1\PROC\p18f8722.asm
[...]
                TRISCbits   0x000f94       data     extern C:\MCC18\SRC\TRADIT~1\PROC\p18f8722.asm
                     DDRC   0x000f94       data     extern C:\MCC18\SRC\TRADIT~1\PROC\p18f8722.asm
                 DDRCbits   0x000f94       data     extern C:\MCC18\SRC\TRADIT~1\PROC\p18f8722.asm
                TRISDbits   0x000f95       data     extern C:\MCC18\SRC\TRADIT~1\PROC\p18f8722.asm
                    TRISD   0x000f95       data     extern C:\MCC18\SRC\TRADIT~1\PROC\p18f8722.asm
                     DDRD   0x000f95       data     extern C:\MCC18\SRC\TRADIT~1\PROC\p18f8722.asm
                 DDRDbits   0x000f95       data     extern C:\MCC18\SRC\TRADIT~1\PROC\p18f8722.asm
                TRISEbits   0x000f96       data     extern C:\MCC18\SRC\TRADIT~1\PROC\p18f8722.asm
                    TRISE   0x000f96       data     extern C:\MCC18\SRC\TRADIT~1\PROC\p18f8722.asm
                 DDREbits   0x000f96       data     extern C:\MCC18\SRC\TRADIT~1\PROC\p18f8722.asm
                     DDRE   0x000f96       data     extern C:\MCC18\SRC\TRADIT~1\PROC\p18f8722.asm
                TRISFbits   0x000f97       data     extern C:\MCC18\SRC\TRADIT~1\PROC\p18f8722.asm
                    TRISF   0x000f97       data     extern C:\MCC18\SRC\TRADIT~1\PROC\p18f8722.asm
                     DDRF   0x000f97       data     extern C:\MCC18\SRC\TRADIT~1\PROC\p18f8722.asm
                 DDRFbits   0x000f97       data     extern C:\MCC18\SRC\TRADIT~1\PROC\p18f8722.asm
                 DDRGbits   0x000f98       data     extern C:\MCC18\SRC\TRADIT~1\PROC\p18f8722.asm
                     DDRG   0x000f98       data     extern C:\MCC18\SRC\TRADIT~1\PROC\p18f8722.asm
                TRISGbits   0x000f98       data     extern C:\MCC18\SRC\TRADIT~1\PROC\p18f8722.asm
                    TRISG   0x000f98       data     extern C:\MCC18\SRC\TRADIT~1\PROC\p18f8722.asm
                     DDRH   0x000f99       data     extern C:\MCC18\SRC\TRADIT~1\PROC\p18f8722.asm
                 DDRHbits   0x000f99       data     extern C:\MCC18\SRC\TRADIT~1\PROC\p18f8722.asm
                TRISHbits   0x000f99       data     extern C:\MCC18\SRC\TRADIT~1\PROC\p18f8722.asm
                    TRISH   0x000f99       data     extern C:\MCC18\SRC\TRADIT~1\PROC\p18f8722.asm
                     DDRJ   0x000f9a       data     extern C:\MCC18\SRC\TRADIT~1\PROC\p18f8722.asm
                 DDRJbits   0x000f9a       data     extern C:\MCC18\SRC\TRADIT~1\PROC\p18f8722.asm
                TRISJbits   0x000f9a       data     extern C:\MCC18\SRC\TRADIT~1\PROC\p18f8722.asm
                    TRISJ   0x000f9a       data     extern C:\MCC18\SRC\TRADIT~1\PROC\p18f8722.asm
                  OSCTUNE   0x000f9b       data     extern C:\MCC18\SRC\TRADIT~1\PROC\p18f8722.asm
              OSCTUNEbits   0x000f9b       data     extern C:\MCC18\SRC\TRADIT~1\PROC\p18f8722.asm
                   MEMCON   0x000f9c       data     extern C:\MCC18\SRC\TRADIT~1\PROC\p18f8722.asm
               MEMCONbits   0x000f9c       data     extern C:\MCC18\SRC\TRADIT~1\PROC\p18f8722.asm
                     PIE1   0x000f9d       data     extern C:\MCC18\SRC\TRADIT~1\PROC\p18f8722.asm
                 PIE1bits   0x000f9d       data     extern C:\MCC18\SRC\TRADIT~1\PROC\p18f8722.asm
                 PIR1bits   0x000f9e       data     extern C:\MCC18\SRC\TRADIT~1\PROC\p18f8722.asm
                     PIR1   0x000f9e       data     extern C:\MCC18\SRC\TRADIT~1\PROC\p18f8722.asm
                 IPR1bits   0x000f9f       data     extern C:\MCC18\SRC\TRADIT~1\PROC\p18f8722.asm
                     IPR1   0x000f9f       data     extern C:\MCC18\SRC\TRADIT~1\PROC\p18f8722.asm
                 PIE2bits   0x000fa0       data     extern C:\MCC18\SRC\TRADIT~1\PROC\p18f8722.asm
                     PIE2   0x000fa0       data     extern C:\MCC18\SRC\TRADIT~1\PROC\p18f8722.asm
                 PIR2bits   0x000fa1       data     extern C:\MCC18\SRC\TRADIT~1\PROC\p18f8722.asm
                     PIR2   0x000fa1       data     extern C:\MCC18\SRC\TRADIT~1\PROC\p18f8722.asm
                 IPR2bits   0x000fa2       data     extern C:\MCC18\SRC\TRADIT~1\PROC\p18f8722.asm
                     IPR2   0x000fa2       data     extern C:\MCC18\SRC\TRADIT~1\PROC\p18f8722.asm
                 PIE3bits   0x000fa3       data     extern C:\MCC18\SRC\TRADIT~1\PROC\p18f8722.asm
                     PIE3   0x000fa3       data     extern C:\MCC18\SRC\TRADIT~1\PROC\p18f8722.asm
                     PIR3   0x000fa4       data     extern C:\MCC18\SRC\TRADIT~1\PROC\p18f8722.asm
                 PIR3bits   0x000fa4       data     extern C:\MCC18\SRC\TRADIT~1\PROC\p18f8722.asm
                     IPR3   0x000fa5       data     extern C:\MCC18\SRC\TRADIT~1\PROC\p18f8722.asm
                 IPR3bits   0x000fa5       data     extern C:\MCC18\SRC\TRADIT~1\PROC\p18f8722.asm
                   EECON1   0x000fa6       data     extern C:\MCC18\SRC\TRADIT~1\PROC\p18f8722.asm
               EECON1bits   0x000fa6       data     extern C:\MCC18\SRC\TRADIT~1\PROC\p18f8722.asm
                   EECON2   0x000fa7       data     extern C:\MCC18\SRC\TRADIT~1\PROC\p18f8722.asm
                   EEDATA   0x000fa8       data     extern C:\MCC18\SRC\TRADIT~1\PROC\p18f8722.asm
                    EEADR   0x000fa9       data     extern C:\MCC18\SRC\TRADIT~1\PROC\p18f8722.asm
                   EEADRH   0x000faa       data     extern C:\MCC18\SRC\TRADIT~1\PROC\p18f8722.asm
                    RCSTA   0x000fab       data     extern C:\MCC18\SRC\TRADIT~1\PROC\p18f8722.asm
                   RCSTA1   0x000fab       data     extern C:\MCC18\SRC\TRADIT~1\PROC\p18f8722.asm
               RCSTA1bits   0x000fab       data     extern C:\MCC18\SRC\TRADIT~1\PROC\p18f8722.asm
                RCSTAbits   0x000fab       data     extern C:\MCC18\SRC\TRADIT~1\PROC\p18f8722.asm
               TXSTA1bits   0x000fac       data     extern C:\MCC18\SRC\TRADIT~1\PROC\p18f8722.asm
                TXSTAbits   0x000fac       data     extern C:\MCC18\SRC\TRADIT~1\PROC\p18f8722.asm
                   TXSTA1   0x000fac       data     extern C:\MCC18\SRC\TRADIT~1\PROC\p18f8722.asm
                    TXSTA   0x000fac       data     extern C:\MCC18\SRC\TRADIT~1\PROC\p18f8722.asm
                   TXREG1   0x000fad       data     extern C:\MCC18\SRC\TRADIT~1\PROC\p18f8722.asm
                    TXREG   0x000fad       data     extern C:\MCC18\SRC\TRADIT~1\PROC\p18f8722.asm
                    RCREG   0x000fae       data     extern C:\MCC18\SRC\TRADIT~1\PROC\p18f8722.asm
                   RCREG1   0x000fae       data     extern C:\MCC18\SRC\TRADIT~1\PROC\p18f8722.asm
                   SPBRG1   0x000faf       data     extern C:\MCC18\SRC\TRADIT~1\PROC\p18f8722.asm
                    SPBRG   0x000faf       data     extern C:\MCC18\SRC\TRADIT~1\PROC\p18f8722.asm
                   PSPCON   0x000fb0       data     extern C:\MCC18\SRC\TRADIT~1\PROC\p18f8722.asm
               PSPCONbits   0x000fb0       data     extern C:\MCC18\SRC\TRADIT~1\PROC\p18f8722.asm
                T3CONbits   0x000fb1       data     extern C:\MCC18\SRC\TRADIT~1\PROC\p18f8722.asm
                    T3CON   0x000fb1       data     extern C:\MCC18\SRC\TRADIT~1\PROC\p18f8722.asm
                    TMR3L   0x000fb2       data     extern C:\MCC18\SRC\TRADIT~1\PROC\p18f8722.asm
                    TMR3H   0x000fb3       data     extern C:\MCC18\SRC\TRADIT~1\PROC\p18f8722.asm
                    CMCON   0x000fb4       data     extern C:\MCC18\SRC\TRADIT~1\PROC\p18f8722.asm
                CMCONbits   0x000fb4       data     extern C:\MCC18\SRC\TRADIT~1\PROC\p18f8722.asm
                   CVRCON   0x000fb5       data     extern C:\MCC18\SRC\TRADIT~1\PROC\p18f8722.asm
               CVRCONbits   0x000fb5       data     extern C:\MCC18\SRC\TRADIT~1\PROC\p18f8722.asm
                  ECCP1AS   0x000fb6       data     extern C:\MCC18\SRC\TRADIT~1\PROC\p18f8722.asm
              ECCP1ASbits   0x000fb6       data     extern C:\MCC18\SRC\TRADIT~1\PROC\p18f8722.asm
             ECCP3CONbits   0x000fb7       data     extern C:\MCC18\SRC\TRADIT~1\PROC\p18f8722.asm
                  CCP3CON   0x000fb7       data     extern C:\MCC18\SRC\TRADIT~1\PROC\p18f8722.asm
              CCP3CONbits   0x000fb7       data     extern C:\MCC18\SRC\TRADIT~1\PROC\p18f8722.asm
                 ECCP3CON   0x000fb7       data     extern C:\MCC18\SRC\TRADIT~1\PROC\p18f8722.asm
                    CCPR3   0x000fb8       data     extern C:\MCC18\SRC\TRADIT~1\PROC\p18f8722.asm
                   CCPR3L   0x000fb8       data     extern C:\MCC18\SRC\TRADIT~1\PROC\p18f8722.asm
                   CCPR3H   0x000fb9       data     extern C:\MCC18\SRC\TRADIT~1\PROC\p18f8722.asm
             ECCP2CONbits   0x000fba       data     extern C:\MCC18\SRC\TRADIT~1\PROC\p18f8722.asm
              CCP2CONbits   0x000fba       data     extern C:\MCC18\SRC\TRADIT~1\PROC\p18f8722.asm
                  CCP2CON   0x000fba       data     extern C:\MCC18\SRC\TRADIT~1\PROC\p18f8722.asm
                 ECCP2CON   0x000fba       data     extern C:\MCC18\SRC\TRADIT~1\PROC\p18f8722.asm
                   CCPR2L   0x000fbb       data     extern C:\MCC18\SRC\TRADIT~1\PROC\p18f8722.asm
                    CCPR2   0x000fbb       data     extern C:\MCC18\SRC\TRADIT~1\PROC\p18f8722.asm
                   CCPR2H   0x000fbc       data     extern C:\MCC18\SRC\TRADIT~1\PROC\p18f8722.asm
                  CCP1CON   0x000fbd       data     extern C:\MCC18\SRC\TRADIT~1\PROC\p18f8722.asm
                 ECCP1CON   0x000fbd       data     extern C:\MCC18\SRC\TRADIT~1\PROC\p18f8722.asm
             ECCP1CONbits   0x000fbd       data     extern C:\MCC18\SRC\TRADIT~1\PROC\p18f8722.asm
              CCP1CONbits   0x000fbd       data     extern C:\MCC18\SRC\TRADIT~1\PROC\p18f8722.asm
                    CCPR1   0x000fbe       data     extern C:\MCC18\SRC\TRADIT~1\PROC\p18f8722.asm
                   CCPR1L   0x000fbe       data     extern C:\MCC18\SRC\TRADIT~1\PROC\p18f8722.asm
                   CCPR1H   0x000fbf       data     extern C:\MCC18\SRC\TRADIT~1\PROC\p18f8722.asm
               ADCON2bits   0x000fc0       data     extern C:\MCC18\SRC\TRADIT~1\PROC\p18f8722.asm
                   ADCON2   0x000fc0       data     extern C:\MCC18\SRC\TRADIT~1\PROC\p18f8722.asm
               ADCON1bits   0x000fc1       data     extern C:\MCC18\SRC\TRADIT~1\PROC\p18f8722.asm
                   ADCON1   0x000fc1       data     extern C:\MCC18\SRC\TRADIT~1\PROC\p18f8722.asm
                   ADCON0   0x000fc2       data     extern C:\MCC18\SRC\TRADIT~1\PROC\p18f8722.asm
               ADCON0bits   0x000fc2       data     extern C:\MCC18\SRC\TRADIT~1\PROC\p18f8722.asm
                    ADRES   0x000fc3       data     extern C:\MCC18\SRC\TRADIT~1\PROC\p18f8722.asm
                   ADRESL   0x000fc3       data     extern C:\MCC18\SRC\TRADIT~1\PROC\p18f8722.asm
                   ADRESH   0x000fc4       data     extern C:\MCC18\SRC\TRADIT~1\PROC\p18f8722.asm
              SSPCON2bits   0x000fc5       data     extern C:\MCC18\SRC\TRADIT~1\PROC\p18f8722.asm
                  SSPCON2   0x000fc5       data     extern C:\MCC18\SRC\TRADIT~1\PROC\p18f8722.asm
                 SSP1CON2   0x000fc5       data     extern C:\MCC18\SRC\TRADIT~1\PROC\p18f8722.asm
             SSP1CON2bits   0x000fc5       data     extern C:\MCC18\SRC\TRADIT~1\PROC\p18f8722.asm
                  SSPCON1   0x000fc6       data     extern C:\MCC18\SRC\TRADIT~1\PROC\p18f8722.asm
             SSP1CON1bits   0x000fc6       data     extern C:\MCC18\SRC\TRADIT~1\PROC\p18f8722.asm
                 SSP1CON1   0x000fc6       data     extern C:\MCC18\SRC\TRADIT~1\PROC\p18f8722.asm
              SSPCON1bits   0x000fc6       data     extern C:\MCC18\SRC\TRADIT~1\PROC\p18f8722.asm
             SSP1STATbits   0x000fc7       data     extern C:\MCC18\SRC\TRADIT~1\PROC\p18f8722.asm
                 SSP1STAT   0x000fc7       data     extern C:\MCC18\SRC\TRADIT~1\PROC\p18f8722.asm
              SSPSTATbits   0x000fc7       data     extern C:\MCC18\SRC\TRADIT~1\PROC\p18f8722.asm
                  SSPSTAT   0x000fc7       data     extern C:\MCC18\SRC\TRADIT~1\PROC\p18f8722.asm
                   SSPADD   0x000fc8       data     extern C:\MCC18\SRC\TRADIT~1\PROC\p18f8722.asm
                  SSP1ADD   0x000fc8       data     extern C:\MCC18\SRC\TRADIT~1\PROC\p18f8722.asm
                   SSPBUF   0x000fc9       data     extern C:\MCC18\SRC\TRADIT~1\PROC\p18f8722.asm
                  SSP1BUF   0x000fc9       data     extern C:\MCC18\SRC\TRADIT~1\PROC\p18f8722.asm
                T2CONbits   0x000fca       data     extern C:\MCC18\SRC\TRADIT~1\PROC\p18f8722.asm
                    T2CON   0x000fca       data     extern C:\MCC18\SRC\TRADIT~1\PROC\p18f8722.asm
                      PR2   0x000fcb       data     extern C:\MCC18\SRC\TRADIT~1\PROC\p18f8722.asm
                     TMR2   0x000fcc       data     extern C:\MCC18\SRC\TRADIT~1\PROC\p18f8722.asm
                T1CONbits   0x000fcd       data     extern C:\MCC18\SRC\TRADIT~1\PROC\p18f8722.asm
                    T1CON   0x000fcd       data     extern C:\MCC18\SRC\TRADIT~1\PROC\p18f8722.asm
                    TMR1L   0x000fce       data     extern C:\MCC18\SRC\TRADIT~1\PROC\p18f8722.asm
                    TMR1H   0x000fcf       data     extern C:\MCC18\SRC\TRADIT~1\PROC\p18f8722.asm
                     RCON   0x000fd0       data     extern C:\MCC18\SRC\TRADIT~1\PROC\p18f8722.asm
                 RCONbits   0x000fd0       data     extern C:\MCC18\SRC\TRADIT~1\PROC\p18f8722.asm
                   WDTCON   0x000fd1       data     extern C:\MCC18\SRC\TRADIT~1\PROC\p18f8722.asm
               WDTCONbits   0x000fd1       data     extern C:\MCC18\SRC\TRADIT~1\PROC\p18f8722.asm
              HLVDCONbits   0x000fd2       data     extern C:\MCC18\SRC\TRADIT~1\PROC\p18f8722.asm
                   LVDCON   0x000fd2       data     extern C:\MCC18\SRC\TRADIT~1\PROC\p18f8722.asm
               LVDCONbits   0x000fd2       data     extern C:\MCC18\SRC\TRADIT~1\PROC\p18f8722.asm
                  HLVDCON   0x000fd2       data     extern C:\MCC18\SRC\TRADIT~1\PROC\p18f8722.asm
                   OSCCON   0x000fd3       data     extern C:\MCC18\SRC\TRADIT~1\PROC\p18f8722.asm
               OSCCONbits   0x000fd3       data     extern C:\MCC18\SRC\TRADIT~1\PROC\p18f8722.asm
                    T0CON   0x000fd5       data     extern C:\MCC18\SRC\TRADIT~1\PROC\p18f8722.asm
                T0CONbits   0x000fd5       data     extern C:\MCC18\SRC\TRADIT~1\PROC\p18f8722.asm
                    TMR0L   0x000fd6       data     extern C:\MCC18\SRC\TRADIT~1\PROC\p18f8722.asm
                    TMR0H   0x000fd7       data     extern C:\MCC18\SRC\TRADIT~1\PROC\p18f8722.asm
               STATUSbits   0x000fd8       data     extern C:\MCC18\SRC\TRADIT~1\PROC\p18f8722.asm
                   STATUS   0x000fd8       data     extern C:\MCC18\SRC\TRADIT~1\PROC\p18f8722.asm
                    FSR2L   0x000fd9       data     extern C:\MCC18\SRC\TRADIT~1\PROC\p18f8722.asm
                     FSR2   0x000fd9       data     extern C:\MCC18\SRC\TRADIT~1\PROC\p18f8722.asm
                    FSR2H   0x000fda       data     extern C:\MCC18\SRC\TRADIT~1\PROC\p18f8722.asm
                   PLUSW2   0x000fdb       data     extern C:\MCC18\SRC\TRADIT~1\PROC\p18f8722.asm
                  PREINC2   0x000fdc       data     extern C:\MCC18\SRC\TRADIT~1\PROC\p18f8722.asm
                 POSTDEC2   0x000fdd       data     extern C:\MCC18\SRC\TRADIT~1\PROC\p18f8722.asm
                 POSTINC2   0x000fde       data     extern C:\MCC18\SRC\TRADIT~1\PROC\p18f8722.asm
                    INDF2   0x000fdf       data     extern C:\MCC18\SRC\TRADIT~1\PROC\p18f8722.asm
                      BSR   0x000fe0       data     extern C:\MCC18\SRC\TRADIT~1\PROC\p18f8722.asm
                     FSR1   0x000fe1       data     extern C:\MCC18\SRC\TRADIT~1\PROC\p18f8722.asm
                    FSR1L   0x000fe1       data     extern C:\MCC18\SRC\TRADIT~1\PROC\p18f8722.asm
                    FSR1H   0x000fe2       data     extern C:\MCC18\SRC\TRADIT~1\PROC\p18f8722.asm
                   PLUSW1   0x000fe3       data     extern C:\MCC18\SRC\TRADIT~1\PROC\p18f8722.asm
                  PREINC1   0x000fe4       data     extern C:\MCC18\SRC\TRADIT~1\PROC\p18f8722.asm
                 POSTDEC1   0x000fe5       data     extern C:\MCC18\SRC\TRADIT~1\PROC\p18f8722.asm
                 POSTINC1   0x000fe6       data     extern C:\MCC18\SRC\TRADIT~1\PROC\p18f8722.asm
                    INDF1   0x000fe7       data     extern C:\MCC18\SRC\TRADIT~1\PROC\p18f8722.asm
                     WREG   0x000fe8       data     extern C:\MCC18\SRC\TRADIT~1\PROC\p18f8722.asm
                    FSR0L   0x000fe9       data     extern C:\MCC18\SRC\TRADIT~1\PROC\p18f8722.asm
                     FSR0   0x000fe9       data     extern C:\MCC18\SRC\TRADIT~1\PROC\p18f8722.asm
                    FSR0H   0x000fea       data     extern C:\MCC18\SRC\TRADIT~1\PROC\p18f8722.asm
                   PLUSW0   0x000feb       data     extern C:\MCC18\SRC\TRADIT~1\PROC\p18f8722.asm
                  PREINC0   0x000fec       data     extern C:\MCC18\SRC\TRADIT~1\PROC\p18f8722.asm
                 POSTDEC0   0x000fed       data     extern C:\MCC18\SRC\TRADIT~1\PROC\p18f8722.asm
                 POSTINC0   0x000fee       data     extern C:\MCC18\SRC\TRADIT~1\PROC\p18f8722.asm
                    INDF0   0x000fef       data     extern C:\MCC18\SRC\TRADIT~1\PROC\p18f8722.asm
                  INTCON3   0x000ff0       data     extern C:\MCC18\SRC\TRADIT~1\PROC\p18f8722.asm
              INTCON3bits   0x000ff0       data     extern C:\MCC18\SRC\TRADIT~1\PROC\p18f8722.asm
                  INTCON2   0x000ff1       data     extern C:\MCC18\SRC\TRADIT~1\PROC\p18f8722.asm
              INTCON2bits   0x000ff1       data     extern C:\MCC18\SRC\TRADIT~1\PROC\p18f8722.asm
                   INTCON   0x000ff2       data     extern C:\MCC18\SRC\TRADIT~1\PROC\p18f8722.asm
               INTCONbits   0x000ff2       data     extern C:\MCC18\SRC\TRADIT~1\PROC\p18f8722.asm
                    PRODL   0x000ff3       data     extern C:\MCC18\SRC\TRADIT~1\PROC\p18f8722.asm
                     PROD   0x000ff3       data     extern C:\MCC18\SRC\TRADIT~1\PROC\p18f8722.asm
                    PRODH   0x000ff4       data     extern C:\MCC18\SRC\TRADIT~1\PROC\p18f8722.asm
                   TABLAT   0x000ff5       data     extern C:\MCC18\SRC\TRADIT~1\PROC\p18f8722.asm
                   TBLPTR   0x000ff6       data     extern C:\MCC18\SRC\TRADIT~1\PROC\p18f8722.asm
                  TBLPTRL   0x000ff6       data     extern C:\MCC18\SRC\TRADIT~1\PROC\p18f8722.asm
                  TBLPTRH   0x000ff7       data     extern C:\MCC18\SRC\TRADIT~1\PROC\p18f8722.asm
                  TBLPTRU   0x000ff8       data     extern C:\MCC18\SRC\TRADIT~1\PROC\p18f8722.asm
                      PCL   0x000ff9       data     extern C:\MCC18\SRC\TRADIT~1\PROC\p18f8722.asm
                       PC   0x000ff9       data     extern C:\MCC18\SRC\TRADIT~1\PROC\p18f8722.asm
                   PCLATH   0x000ffa       data     extern C:\MCC18\SRC\TRADIT~1\PROC\p18f8722.asm
                   PCLATU   0x000ffb       data     extern C:\MCC18\SRC\TRADIT~1\PROC\p18f8722.asm
                   STKPTR   0x000ffc       data     extern C:\MCC18\SRC\TRADIT~1\PROC\p18f8722.asm
               STKPTRbits   0x000ffc       data     extern C:\MCC18\SRC\TRADIT~1\PROC\p18f8722.asm
                     TOSL   0x000ffd       data     extern C:\MCC18\SRC\TRADIT~1\PROC\p18f8722.asm
                      TOS   0x000ffd       data     extern C:\MCC18\SRC\TRADIT~1\PROC\p18f8722.asm
                     TOSH   0x000ffe       data     extern C:\MCC18\SRC\TRADIT~1\PROC\p18f8722.asm
                     TOSU   0x000fff       data     extern C:\MCC18\SRC\TRADIT~1\PROC\p18f8722.asm


